Component: ARM Compiler 5.05 (build 41) Tool: armlink [4d0eb9]

==============================================================================

Section Cross References

    _math.o(.text) refers to drleqf.o(x$fpl$drleqf) for __aeabi_cdrcmple
    _math.o(.text) refers to faddsub_clz.o(x$fpl$fsub) for __aeabi_fsub
    _math.o(.text) refers to fmul.o(x$fpl$fmul) for __aeabi_fmul
    _math.o(.text) refers to f2d.o(x$fpl$f2d) for __aeabi_f2d
    _math.o(.text) refers to daddsub_clz.o(x$fpl$dadd) for __aeabi_dadd
    _math.o(.text) refers to sqrt.o(i.sqrt) for sqrt
    _math.o(.text) refers to frleqf.o(x$fpl$frleqf) for __aeabi_cfrcmple
    _math.o(.text) refers to dleqf.o(x$fpl$dleqf) for __aeabi_cdcmple
    _math.o(.text) refers to fdiv.o(x$fpl$fdiv) for __aeabi_fdiv
    _math.o(.text) refers to atan.o(i.atan) for atan
    _math.o(.text) refers to fleqf.o(x$fpl$fleqf) for __aeabi_cfcmple
    _math.o(.text) refers to daddsub_clz.o(x$fpl$dsub) for __aeabi_dsub
    _math.o(.text) refers to dmul.o(x$fpl$dmul) for __aeabi_dmul
    _math.o(.text) refers to ddiv.o(x$fpl$ddiv) for __aeabi_ddiv
    _math.o(.text) refers to d2f.o(x$fpl$d2f) for __aeabi_d2f
    _mecanum.o(.text) refers to rt_memcpy_w.o(.text) for __aeabi_memcpy4
    _mecanum.o(.text) refers to faddsub_clz.o(x$fpl$fadd) for __aeabi_fadd
    _mecanum.o(.text) refers to fdiv.o(x$fpl$fdiv) for __aeabi_fdiv
    _mecanum.o(.text) refers to fflt_clz.o(x$fpl$fflt) for __aeabi_i2f
    _mecanum.o(.text) refers to fmul.o(x$fpl$fmul) for __aeabi_fmul
    _mecanum.o(.text) refers to faddsub_clz.o(x$fpl$fsub) for __aeabi_fsub
    _mecanum.o(.text) refers to frleqf.o(x$fpl$frleqf) for __aeabi_cfrcmple
    _mecanum.o(.text) refers to f2d.o(x$fpl$f2d) for __aeabi_f2d
    _mecanum.o(.text) refers to _math.o(.text) for MaxFour
    _mecanum.o(.text) refers to d2f.o(x$fpl$d2f) for __aeabi_d2f
    _mecanum.o(.text) refers to dmul.o(x$fpl$dmul) for __aeabi_dmul
    _mecanum.o(.text) refers to daddsub_clz.o(x$fpl$dadd) for __aeabi_dadd
    _mecanum.o(.text) refers to _mecanum.o(.constdata) for .constdata
    _mecanum.o(.text) refers to _mecanum.o(.data) for wheel_rr
    _mecanum.o(.text) refers to _pwm.o(.text) for PWM_SetDuty
    _pid.o(.text) refers to fdiv.o(x$fpl$fdiv) for __aeabi_fdiv
    _pid.o(.text) refers to faddsub_clz.o(x$fpl$fadd) for __aeabi_fadd
    _pid.o(.text) refers to fmul.o(x$fpl$fmul) for __aeabi_fmul
    _pid.o(.text) refers to _pid.o(.data) for Pid_List
    _pid.o(.text) refers to _pid.o(.bss) for Vout
    _goline.o(.text) refers to _math.o(.text) for GetLineAngle
    _goline.o(.text) refers to d2f.o(x$fpl$d2f) for __aeabi_d2f
    _goline.o(.text) refers to fmul.o(x$fpl$fmul) for __aeabi_fmul
    _goline.o(.text) refers to faddsub_clz.o(x$fpl$fsub) for __aeabi_fsub
    _goline.o(.text) refers to fdiv.o(x$fpl$fdiv) for __aeabi_fdiv
    _goline.o(.text) refers to _pid.o(.text) for PID_Clear
    _goline.o(.text) refers to f2d.o(x$fpl$f2d) for __aeabi_f2d
    _goline.o(.text) refers to dleqf.o(x$fpl$dleqf) for __aeabi_cdcmple
    _goline.o(.text) refers to fleqf.o(x$fpl$fleqf) for __aeabi_cfcmple
    _goline.o(.text) refers to dmul.o(x$fpl$dmul) for __aeabi_dmul
    _goline.o(.text) refers to daddsub_clz.o(x$fpl$dadd) for __aeabi_dadd
    _goline.o(.text) refers to drleqf.o(x$fpl$drleqf) for __aeabi_cdrcmple
    _goline.o(.text) refers to daddsub_clz.o(x$fpl$dsub) for __aeabi_dsub
    _goline.o(.text) refers to cos.o(i.cos) for cos
    _goline.o(.text) refers to sin.o(i.sin) for sin
    _goline.o(.text) refers to faddsub_clz.o(x$fpl$fadd) for __aeabi_fadd
    _goline.o(.text) refers to _goline.o(.data) for Sta_Point
    _goline.o(.text) refers to _gopath.o(.bss) for GPS
    _goline.o(.text) refers to _pid.o(.data) for Pid_List
    _goline.o(.text) refers to sqrt.o(i.sqrt) for sqrt
    _goline.o(.text) refers to frleqf.o(x$fpl$frleqf) for __aeabi_cfrcmple
    _goline.o(.text) refers to _mecanum.o(.data) for Speed_X
    _gopath.o(.text) refers to _pid.o(.text) for PID_Clear
    _gopath.o(.text) refers to _math.o(.text) for GetLength
    _gopath.o(.text) refers to dleqf.o(x$fpl$dleqf) for __aeabi_cdcmple
    _gopath.o(.text) refers to fmul.o(x$fpl$fmul) for __aeabi_fmul
    _gopath.o(.text) refers to f2d.o(x$fpl$f2d) for __aeabi_f2d
    _gopath.o(.text) refers to cos.o(i.cos) for cos
    _gopath.o(.text) refers to dmul.o(x$fpl$dmul) for __aeabi_dmul
    _gopath.o(.text) refers to d2f.o(x$fpl$d2f) for __aeabi_d2f
    _gopath.o(.text) refers to sin.o(i.sin) for sin
    _gopath.o(.text) refers to faddsub_clz.o(x$fpl$fsub) for __aeabi_fsub
    _gopath.o(.text) refers to daddsub_clz.o(x$fpl$dsub) for __aeabi_dsub
    _gopath.o(.text) refers to drleqf.o(x$fpl$drleqf) for __aeabi_cdrcmple
    _gopath.o(.text) refers to daddsub_clz.o(x$fpl$dadd) for __aeabi_dadd
    _gopath.o(.text) refers to faddsub_clz.o(x$fpl$fadd) for __aeabi_fadd
    _gopath.o(.text) refers to _gopath.o(.data) for Point_StartNum
    _gopath.o(.text) refers to _goroute.o(.data) for RouteFinish
[...]
    TIM_OC2NPolarityConfig                   0x0800a60f   Thumb Code    26  stm32f10x_tim.o(.text)
    TIM_OC3PolarityConfig                    0x0800a629   Thumb Code    26  stm32f10x_tim.o(.text)
    TIM_OC3NPolarityConfig                   0x0800a643   Thumb Code    26  stm32f10x_tim.o(.text)
    TIM_OC4PolarityConfig                    0x0800a65d   Thumb Code    26  stm32f10x_tim.o(.text)
    TIM_CCxCmd                               0x0800a677   Thumb Code    30  stm32f10x_tim.o(.text)
    TIM_CCxNCmd                              0x0800a695   Thumb Code    30  stm32f10x_tim.o(.text)
    TIM_SelectOCxM                           0x0800a6b3   Thumb Code    82  stm32f10x_tim.o(.text)
    TIM_UpdateDisableConfig                  0x0800a705   Thumb Code    24  stm32f10x_tim.o(.text)
    TIM_UpdateRequestConfig                  0x0800a71d   Thumb Code    24  stm32f10x_tim.o(.text)
    TIM_SelectHallSensor                     0x0800a735   Thumb Code    24  stm32f10x_tim.o(.text)
    TIM_SelectOnePulseMode                   0x0800a74d   Thumb Code    18  stm32f10x_tim.o(.text)
    TIM_SelectOutputTrigger                  0x0800a75f   Thumb Code    18  stm32f10x_tim.o(.text)
    TIM_SelectSlaveMode                      0x0800a771   Thumb Code    18  stm32f10x_tim.o(.text)
    TIM_SelectMasterSlaveMode                0x0800a783   Thumb Code    18  stm32f10x_tim.o(.text)
    TIM_SetCounter                           0x0800a795   Thumb Code     4  stm32f10x_tim.o(.text)
    TIM_SetAutoreload                        0x0800a799   Thumb Code     4  stm32f10x_tim.o(.text)
    TIM_SetCompare1                          0x0800a79d   Thumb Code     4  stm32f10x_tim.o(.text)
    TIM_SetCompare2                          0x0800a7a1   Thumb Code     4  stm32f10x_tim.o(.text)
    TIM_SetCompare3                          0x0800a7a5   Thumb Code     4  stm32f10x_tim.o(.text)
    TIM_SetCompare4                          0x0800a7a9   Thumb Code     6  stm32f10x_tim.o(.text)
    TIM_SetClockDivision                     0x0800a7af   Thumb Code    18  stm32f10x_tim.o(.text)
    TIM_GetCapture1                          0x0800a7c1   Thumb Code     6  stm32f10x_tim.o(.text)
    TIM_GetCapture2                          0x0800a7c7   Thumb Code     6  stm32f10x_tim.o(.text)
    TIM_GetCapture3                          0x0800a7cd   Thumb Code     6  stm32f10x_tim.o(.text)
    TIM_GetCapture4                          0x0800a7d3   Thumb Code     8  stm32f10x_tim.o(.text)
    TIM_GetCounter                           0x0800a7db   Thumb Code     6  stm32f10x_tim.o(.text)
    TIM_GetPrescaler                         0x0800a7e1   Thumb Code     6  stm32f10x_tim.o(.text)
    TIM_GetFlagStatus                        0x0800a7e7   Thumb Code    18  stm32f10x_tim.o(.text)
    TIM_ClearFlag                            0x0800a7f9   Thumb Code     6  stm32f10x_tim.o(.text)
    TIM_GetITStatus                          0x0800a7ff   Thumb Code    34  stm32f10x_tim.o(.text)
    TIM_ClearITPendingBit                    0x0800a821   Thumb Code     6  stm32f10x_tim.o(.text)
    USART_DeInit                             0x0800a829   Thumb Code   134  stm32f10x_usart.o(.text)
    USART_Init                               0x0800a8af   Thumb Code   210  stm32f10x_usart.o(.text)
    USART_StructInit                         0x0800a981   Thumb Code    24  stm32f10x_usart.o(.text)
    USART_ClockInit                          0x0800a999   Thumb Code    34  stm32f10x_usart.o(.text)
    USART_ClockStructInit                    0x0800a9bb   Thumb Code    12  stm32f10x_usart.o(.text)
    USART_Cmd                                0x0800a9c7   Thumb Code    24  stm32f10x_usart.o(.text)
    USART_ITConfig                           0x0800a9df   Thumb Code    74  stm32f10x_usart.o(.text)
    USART_DMACmd                             0x0800aa29   Thumb Code    18  stm32f10x_usart.o(.text)
    USART_SetAddress                         0x0800aa3b   Thumb Code    18  stm32f10x_usart.o(.text)
    USART_WakeUpConfig                       0x0800aa4d   Thumb Code    18  stm32f10x_usart.o(.text)
    USART_ReceiverWakeUpCmd                  0x0800aa5f   Thumb Code    24  stm32f10x_usart.o(.text)
    USART_LINBreakDetectLengthConfig         0x0800aa77   Thumb Code    18  stm32f10x_usart.o(.text)
    USART_LINCmd                             0x0800aa89   Thumb Code    24  stm32f10x_usart.o(.text)
    USART_SendData                           0x0800aaa1   Thumb Code     8  stm32f10x_usart.o(.text)
    USART_ReceiveData                        0x0800aaa9   Thumb Code    10  stm32f10x_usart.o(.text)
    USART_SendBreak                          0x0800aab3   Thumb Code    10  stm32f10x_usart.o(.text)
    USART_SetGuardTime                       0x0800aabd   Thumb Code    16  stm32f10x_usart.o(.text)
    USART_SetPrescaler                       0x0800aacd   Thumb Code    16  stm32f10x_usart.o(.text)
    USART_SmartCardCmd                       0x0800aadd   Thumb Code    24  stm32f10x_usart.o(.text)
    USART_SmartCardNACKCmd                   0x0800aaf5   Thumb Code    24  stm32f10x_usart.o(.text)
    USART_HalfDuplexCmd                      0x0800ab0d   Thumb Code    24  stm32f10x_usart.o(.text)
    USART_OverSampling8Cmd                   0x0800ab25   Thumb Code    22  stm32f10x_usart.o(.text)
    USART_OneBitMethodCmd                    0x0800ab3b   Thumb Code    24  stm32f10x_usart.o(.text)
    USART_IrDAConfig                         0x0800ab53   Thumb Code    18  stm32f10x_usart.o(.text)
    USART_IrDACmd                            0x0800ab65   Thumb Code    24  stm32f10x_usart.o(.text)
    USART_GetFlagStatus                      0x0800ab7d   Thumb Code    26  stm32f10x_usart.o(.text)
    USART_ClearFlag                          0x0800ab97   Thumb Code    18  stm32f10x_usart.o(.text)
    USART_GetITStatus                        0x0800aba9   Thumb Code    84  stm32f10x_usart.o(.text)
    USART_ClearITPendingBit                  0x0800abfd   Thumb Code    52  stm32f10x_usart.o(.text)
    ADC_DeInit                               0x0800ac31   Thumb Code    78  stm32f10x_adc.o(.text)
    ADC_Init                                 0x0800ac7f   Thumb Code    70  stm32f10x_adc.o(.text)
    ADC_StructInit                           0x0800acc5   Thumb Code    18  stm32f10x_adc.o(.text)
    ADC_Cmd                                  0x0800acd7   Thumb Code    22  stm32f10x_adc.o(.text)
    ADC_DMACmd                               0x0800aced   Thumb Code    22  stm32f10x_adc.o(.text)
    ADC_ITConfig                             0x0800ad03   Thumb Code    24  stm32f10x_adc.o(.text)
    ADC_ResetCalibration                     0x0800ad1b   Thumb Code    10  stm32f10x_adc.o(.text)
    ADC_GetResetCalibrationStatus            0x0800ad25   Thumb Code    20  stm32f10x_adc.o(.text)
    ADC_StartCalibration                     0x0800ad39   Thumb Code    10  stm32f10x_adc.o(.text)
    ADC_GetCalibrationStatus                 0x0800ad43   Thumb Code    20  stm32f10x_adc.o(.text)
    ADC_SoftwareStartConvCmd                 0x0800ad57   Thumb Code    22  stm32f10x_adc.o(.text)
    ADC_GetSoftwareStartConvStatus           0x0800ad6d   Thumb Code    20  stm32f10x_adc.o(.text)
    ADC_DiscModeChannelCountConfig           0x0800ad81   Thumb Code    24  stm32f10x_adc.o(.text)
    ADC_DiscModeCmd                          0x0800ad99   Thumb Code    22  stm32f10x_adc.o(.text)
    ADC_RegularChannelConfig                 0x0800adaf   Thumb Code   184  stm32f10x_adc.o(.text)
    ADC_ExternalTrigConvCmd                  0x0800ae67   Thumb Code    22  stm32f10x_adc.o(.text)
    ADC_GetConversionValue                   0x0800ae7d   Thumb Code     8  stm32f10x_adc.o(.text)
    ADC_GetDualModeConversionValue           0x0800ae85   Thumb Code     8  stm32f10x_adc.o(.text)
    ADC_AutoInjectedConvCmd                  0x0800ae8d   Thumb Code    22  stm32f10x_adc.o(.text)
    ADC_InjectedDiscModeCmd                  0x0800aea3   Thumb Code    22  stm32f10x_adc.o(.text)
    ADC_ExternalTrigInjectedConvConfig       0x0800aeb9   Thumb Code    16  stm32f10x_adc.o(.text)
    ADC_ExternalTrigInjectedConvCmd          0x0800aec9   Thumb Code    22  stm32f10x_adc.o(.text)
    ADC_SoftwareStartInjectedConvCmd         0x0800aedf   Thumb Code    22  stm32f10x_adc.o(.text)
    ADC_GetSoftwareStartInjectedConvCmdStatus 0x0800aef5   Thumb Code    20  stm32f10x_adc.o(.text)
    ADC_InjectedChannelConfig                0x0800af09   Thumb Code   130  stm32f10x_adc.o(.text)
    ADC_InjectedSequencerLengthConfig        0x0800af8b   Thumb Code    24  stm32f10x_adc.o(.text)
    ADC_SetInjectedOffset                    0x0800afa3   Thumb Code    20  stm32f10x_adc.o(.text)
    ADC_GetInjectedConversionValue           0x0800afb7   Thumb Code    28  stm32f10x_adc.o(.text)
    ADC_AnalogWatchdogCmd                    0x0800afd3   Thumb Code    16  stm32f10x_adc.o(.text)
    ADC_AnalogWatchdogThresholdsConfig       0x0800afe3   Thumb Code     6  stm32f10x_adc.o(.text)
    ADC_AnalogWatchdogSingleChannelConfig    0x0800afe9   Thumb Code    16  stm32f10x_adc.o(.text)
    ADC_TempSensorVrefintCmd                 0x0800aff9   Thumb Code    64  stm32f10x_adc.o(.text)
    ADC_GetFlagStatus                        0x0800b039   Thumb Code    18  stm32f10x_adc.o(.text)
    ADC_ClearFlag                            0x0800b04b   Thumb Code     6  stm32f10x_adc.o(.text)
    ADC_GetITStatus                          0x0800b051   Thumb Code    36  stm32f10x_adc.o(.text)
    ADC_ClearITPendingBit                    0x0800b075   Thumb Code    10  stm32f10x_adc.o(.text)
    Reset_Handler                            0x0800b081   Thumb Code     8  startup_stm32f10x_hd.o(.text)
    ADC1_2_IRQHandler                        0x0800b09b   Thumb Code     0  startup_stm32f10x_hd.o(.text)
    ADC3_IRQHandler                          0x0800b09b   Thumb Code     0  startup_stm32f10x_hd.o(.text)
    CAN1_SCE_IRQHandler                      0x0800b09b   Thumb Code     0  startup_stm32f10x_hd.o(.text)
    DMA1_Channel1_IRQHandler                 0x0800b09b   Thumb Code     0  startup_stm32f10x_hd.o(.text)
    DMA1_Channel2_IRQHandler                 0x0800b09b   Thumb Code     0  startup_stm32f10x_hd.o(.text)
    DMA1_Channel3_IRQHandler                 0x0800b09b   Thumb Code     0  startup_stm32f10x_hd.o(.text)
    DMA1_Channel4_IRQHandler                 0x0800b09b   Thumb Code     0  startup_stm32f10x_hd.o(.text)
    DMA1_Channel5_IRQHandler                 0x0800b09b   Thumb Code     0  startup_stm32f10x_hd.o(.text)
    DMA1_Channel6_IRQHandler                 0x0800b09b   Thumb Code     0  startup_stm32f10x_hd.o(.text)
    DMA1_Channel7_IRQHandler                 0x0800b09b   Thumb Code     0  startup_stm32f10x_hd.o(.text)
    DMA2_Channel1_IRQHandler                 0x0800b09b   Thumb Code     0  startup_stm32f10x_hd.o(.text)
    DMA2_Channel2_IRQHandler                 0x0800b09b   Thumb Code     0  startup_stm32f10x_hd.o(.text)
    DMA2_Channel3_IRQHandler                 0x0800b09b   Thumb Code     0  startup_stm32f10x_hd.o(.text)
    DMA2_Channel4_5_IRQHandler               0x0800b09b   Thumb Code     0  startup_stm32f10x_hd.o(.text)
    FLASH_IRQHandler                         0x0800b09b   Thumb Code     0  startup_stm32f10x_hd.o(.text)
    FSMC_IRQHandler                          0x0800b09b   Thumb Code     0  startup_stm32f10x_hd.o(.text)
    I2C1_ER_IRQHandler                       0x0800b09b   Thumb Code     0  startup_stm32f10x_hd.o(.text)
    I2C1_EV_IRQHandler                       0x0800b09b   Thumb Code     0  startup_stm32f10x_hd.o(.text)
    I2C2_ER_IRQHandler                       0x0800b09b   Thumb Code     0  startup_stm32f10x_hd.o(.text)
    I2C2_EV_IRQHandler                       0x0800b09b   Thumb Code     0  startup_stm32f10x_hd.o(.text)
    PVD_IRQHandler                           0x0800b09b   Thumb Code     0  startup_stm32f10x_hd.o(.text)
    RCC_IRQHandler                           0x0800b09b   Thumb Code     0  startup_stm32f10x_hd.o(.text)
    RTCAlarm_IRQHandler                      0x0800b09b   Thumb Code     0  startup_stm32f10x_hd.o(.text)
    RTC_IRQHandler                           0x0800b09b   Thumb Code     0  startup_stm32f10x_hd.o(.text)
    SDIO_IRQHandler                          0x0800b09b   Thumb Code     0  startup_stm32f10x_hd.o(.text)
    SPI1_IRQHandler                          0x0800b09b   Thumb Code     0  startup_stm32f10x_hd.o(.text)
    SPI2_IRQHandler                          0x0800b09b   Thumb Code     0  startup_stm32f10x_hd.o(.text)
    SPI3_IRQHandler                          0x0800b09b   Thumb Code     0  startup_stm32f10x_hd.o(.text)
    TAMPER_IRQHandler                        0x0800b09b   Thumb Code     0  startup_stm32f10x_hd.o(.text)
    TIM1_BRK_IRQHandler                      0x0800b09b   Thumb Code     0  startup_stm32f10x_hd.o(.text)
    TIM1_CC_IRQHandler                       0x0800b09b   Thumb Code     0  startup_stm32f10x_hd.o(.text)
    TIM1_TRG_COM_IRQHandler                  0x0800b09b   Thumb Code     0  startup_stm32f10x_hd.o(.text)
    TIM1_UP_IRQHandler                       0x0800b09b   Thumb Code     0  startup_stm32f10x_hd.o(.text)
    TIM2_IRQHandler                          0x0800b09b   Thumb Code     0  startup_stm32f10x_hd.o(.text)
    TIM5_IRQHandler                          0x0800b09b   Thumb Code     0  startup_stm32f10x_hd.o(.text)
    TIM6_IRQHandler                          0x0800b09b   Thumb Code     0  startup_stm32f10x_hd.o(.text)
    TIM7_IRQHandler                          0x0800b09b   Thumb Code     0  startup_stm32f10x_hd.o(.text)
    TIM8_BRK_IRQHandler                      0x0800b09b   Thumb Code     0  startup_stm32f10x_hd.o(.text)
    TIM8_CC_IRQHandler                       0x0800b09b   Thumb Code     0  startup_stm32f10x_hd.o(.text)
    TIM8_TRG_COM_IRQHandler                  0x0800b09b   Thumb Code     0  startup_stm32f10x_hd.o(.text)
    UART4_IRQHandler                         0x0800b09b   Thumb Code     0  startup_stm32f10x_hd.o(.text)
    UART5_IRQHandler                         0x0800b09b   Thumb Code     0  startup_stm32f10x_hd.o(.text)
    USART2_IRQHandler                        0x0800b09b   Thumb Code     0  startup_stm32f10x_hd.o(.text)
    USBWakeUp_IRQHandler                     0x0800b09b   Thumb Code     0  startup_stm32f10x_hd.o(.text)
    USB_HP_CAN1_TX_IRQHandler                0x0800b09b   Thumb Code     0  startup_stm32f10x_hd.o(.text)
    WWDG_IRQHandler                          0x0800b09b   Thumb Code     0  startup_stm32f10x_hd.o(.text)
    __user_initial_stackheap                 0x0800b09d   Thumb Code     0  startup_stm32f10x_hd.o(.text)
    OS_TaskStatStkChk                        0x0800b0c1   Thumb Code    54  os_core.o(.text)
    OS_TaskStat                              0x0800b0f7   Thumb Code   116  os_core.o(.text)
    OS_TaskIdle                              0x0800b19f   Thumb Code    34  os_core.o(.text)
    OS_MemClr                                0x0800b1f5   Thumb Code    18  os_core.o(.text)
    OSInit                                   0x0800b313   Thumb Code    44  os_core.o(.text)
    OSIntEnter                               0x0800b33f   Thumb Code    28  os_core.o(.text)
    OSIntExit                                0x0800b375   Thumb Code   112  os_core.o(.text)
    OSSchedLock                              0x0800b3e5   Thumb Code    50  os_core.o(.text)
    OS_Sched                                 0x0800b417   Thumb Code    88  os_core.o(.text)
    OSSchedUnlock                            0x0800b46f   Thumb Code   238  os_core.o(.text)
    OSStart                                  0x0800b55d   Thumb Code    48  os_core.o(.text)
    OSStatInit                               0x0800b58d   Thumb Code    62  os_core.o(.text)
    OSTimeTick                               0x0800b5cb   Thumb Code   210  os_core.o(.text)
    OSVersion                                0x0800b69d   Thumb Code     6  os_core.o(.text)
    OS_Dummy                                 0x0800b6a3   Thumb Code     2  os_core.o(.text)
    OS_EventTaskRemove                       0x0800b6a5   Thumb Code    42  os_core.o(.text)
    OS_EventTaskRdy                          0x0800b6cf   Thumb Code   114  os_core.o(.text)
    OS_EventTaskWait                         0x0800b741   Thumb Code   112  os_core.o(.text)
    OS_EventWaitListInit                     0x0800b7b1   Thumb Code    28  os_core.o(.text)
    OS_MemCopy                               0x0800b7cd   Thumb Code    20  os_core.o(.text)
    OS_StrLen                                0x0800b7e1   Thumb Code    20  os_core.o(.text)
    OS_TCBInit                               0x0800b7f5   Thumb Code   280  os_core.o(.text)
    OSFlagAccept                             0x0800b951   Thumb Code   252  os_flag.o(.text)
    OSFlagCreate                             0x0800ba4d   Thumb Code    86  os_flag.o(.text)
    OS_FlagUnlink                            0x0800baa3   Thumb Code    36  os_flag.o(.text)
    OSFlagDel                                0x0800bb19   Thumb Code   214  os_flag.o(.text)
    OSFlagNameGet                            0x0800bbef   Thumb Code    80  os_flag.o(.text)
    OSFlagNameSet                            0x0800bc3f   Thumb Code    66  os_flag.o(.text)
    OSFlagPend                               0x0800bd19   Thumb Code   614  os_flag.o(.text)
    OSFlagPendGetFlagsRdy                    0x0800bf7f   Thumb Code    26  os_flag.o(.text)
    OSFlagPost                               0x0800bf99   Thumb Code   312  os_flag.o(.text)
    OSFlagQuery                              0x0800c0d1   Thumb Code    48  os_flag.o(.text)
    OS_FlagInit                              0x0800c101   Thumb Code    78  os_flag.o(.text)
    OSQAccept                                0x0800c15d   Thumb Code    88  os_q.o(.text)
    OSQCreate                                0x0800c1b5   Thumb Code   140  os_q.o(.text)
    OSQDel                                   0x0800c241   Thumb Code   236  os_q.o(.text)
    OSQFlush                                 0x0800c32d   Thumb Code    36  os_q.o(.text)
    OSQPend                                  0x0800c351   Thumb Code   272  os_q.o(.text)
    OSQPendAbort                             0x0800c461   Thumb Code   128  os_q.o(.text)
    OSQPost                                  0x0800c4e1   Thumb Code   114  os_q.o(.text)
    OSQPostFront                             0x0800c553   Thumb Code   136  os_q.o(.text)
    OSQPostOpt                               0x0800c5db   Thumb Code   182  os_q.o(.text)
    OSQQuery                                 0x0800c691   Thumb Code    98  os_q.o(.text)
    OS_QInit                                 0x0800c6f3   Thumb Code    72  os_q.o(.text)
    OSTaskChangePrio                         0x0800c745   Thumb Code   308  os_task.o(.text)
    OSTaskCreate                             0x0800c879   Thumb Code   148  os_task.o(.text)
    OS_TaskStkClr                            0x0800c90d   Thumb Code    26  os_task.o(.text)
    OSTaskCreateExt                          0x0800c927   Thumb Code   170  os_task.o(.text)
    OSTaskDel                                0x0800c9d1   Thumb Code   294  os_task.o(.text)
    OSTaskDelReq                             0x0800caf7   Thumb Code   144  os_task.o(.text)
    OSTaskNameGet                            0x0800cb87   Thumb Code   114  os_task.o(.text)
    OSTaskNameSet                            0x0800cbf9   Thumb Code    98  os_task.o(.text)
    OSTaskResume                             0x0800cc5b   Thumb Code   154  os_task.o(.text)
    OSTaskStkChk                             0x0800ccf5   Thumb Code   132  os_task.o(.text)
    OSTaskSuspend                            0x0800cd79   Thumb Code   152  os_task.o(.text)
    OSTaskQuery                              0x0800ce11   Thumb Code    82  os_task.o(.text)
    OSTaskRegGet                             0x0800ce63   Thumb Code    60  os_task.o(.text)
    OSTaskRegSet                             0x0800ce9f   Thumb Code    62  os_task.o(.text)
    OS_TaskReturn                            0x0800cedd   Thumb Code    18  os_task.o(.text)
    OSTimeDly                                0x0800cf09   Thumb Code   100  os_time.o(.text)
    OSTimeDlyHMSM                            0x0800cf6d   Thumb Code    86  os_time.o(.text)
    OSTimeDlyResume                          0x0800cfc3   Thumb Code   168  os_time.o(.text)
    OSTimeGet                                0x0800d06b   Thumb Code    24  os_time.o(.text)
    OSTimeSet                                0x0800d083   Thumb Code    24  os_time.o(.text)
    OSInitHookBegin                          0x0800d0b9   Thumb Code     2  os_cpu_c.o(.text)
    OSInitHookEnd                            0x0800d0bb   Thumb Code     2  os_cpu_c.o(.text)
    OSTaskCreateHook                         0x0800d0bd   Thumb Code     2  os_cpu_c.o(.text)
    OSTaskDelHook                            0x0800d0bf   Thumb Code     2  os_cpu_c.o(.text)
    OSTaskIdleHook                           0x0800d0c1   Thumb Code     2  os_cpu_c.o(.text)
    OSTaskStatHook                           0x0800d0c3   Thumb Code     2  os_cpu_c.o(.text)
    OSTaskStkInit                            0x0800d0c5   Thumb Code   154  os_cpu_c.o(.text)
    OSTaskSwHook                             0x0800d15f   Thumb Code     2  os_cpu_c.o(.text)
    OSTCBInitHook                            0x0800d161   Thumb Code     2  os_cpu_c.o(.text)
    OSTimeTickHook                           0x0800d163   Thumb Code     2  os_cpu_c.o(.text)
    OSTaskReturnHook                         0x0800d165   Thumb Code     2  os_cpu_c.o(.text)
    OS_CPU_SR_Save                           0x0800d169   Thumb Code     0  os_cpu_a.o(.text)
    OS_CPU_SR_Restore                        0x0800d171   Thumb Code     0  os_cpu_a.o(.text)
    OSStartHighRdy                           0x0800d177   Thumb Code     0  os_cpu_a.o(.text)
    OSCtxSw                                  0x0800d199   Thumb Code     0  os_cpu_a.o(.text)
    OSIntCtxSw                               0x0800d1a7   Thumb Code     0  os_cpu_a.o(.text)
    PendSV_Handler                           0x0800d1b7   Thumb Code     0  os_cpu_a.o(.text)
    malloc                                   0x0800d21d   Thumb Code    94  h1_alloc.o(.text)
    free                                     0x0800d27b   Thumb Code    78  h1_free.o(.text)
    vsprintf                                 0x0800d2c9   Thumb Code    32  vsprintf.o(.text)
    __2sprintf                               0x0800d2ed   Thumb Code    38  __2sprintf.o(.text)
    _printf_int_dec                          0x0800d319   Thumb Code   104  _printf_dec.o(.text)
    __printf                                 0x0800d391   Thumb Code   388  __printf_flags_ss_wp.o(.text)
    strcpy                                   0x0800d519   Thumb Code    72  strcpy.o(.text)
    strlen                                   0x0800d561   Thumb Code    62  strlen.o(.text)
    __aeabi_memclr4                          0x0800d59f   Thumb Code     0  rt_memclr_w.o(.text)
    __aeabi_memclr8                          0x0800d59f   Thumb Code     0  rt_memclr_w.o(.text)
    __rt_memclr_w                            0x0800d59f   Thumb Code    78  rt_memclr_w.o(.text)
    _memset_w                                0x0800d5a3   Thumb Code     0  rt_memclr_w.o(.text)
    __use_two_region_memory                  0x0800d5ed   Thumb Code     2  heapauxi.o(.text)
    __rt_heap_escrow                         0x0800d5ef   Thumb Code     2  heapauxi.o(.text)
    __rt_heap_expand                         0x0800d5f1   Thumb Code     2  heapauxi.o(.text)
    __rt_heap_descriptor                     0x0800d5f5   Thumb Code     8  rt_heap_descriptor_intlibspace.o(.text)
    __use_no_heap                            0x0800d5fd   Thumb Code     2  hguard.o(.text)
    __heap$guard                             0x0800d5ff   Thumb Code     2  hguard.o(.text)
    _terminate_user_alloc                    0x0800d601   Thumb Code     2  init_alloc.o(.text)
    _init_user_alloc                         0x0800d603   Thumb Code     2  init_alloc.o(.text)
    __Heap_Full                              0x0800d605   Thumb Code    34  init_alloc.o(.text)
    __Heap_Broken                            0x0800d627   Thumb Code     6  init_alloc.o(.text)
    _init_alloc                              0x0800d62d   Thumb Code    94  init_alloc.o(.text)
    __Heap_Initialize                        0x0800d68b   Thumb Code    10  h1_init.o(.text)
    __Heap_DescSize                          0x0800d695   Thumb Code     4  h1_init.o(.text)
    __read_errno                             0x0800d699   Thumb Code    10  _rserrno.o(.text)
    __set_errno                              0x0800d6a3   Thumb Code    12  _rserrno.o(.text)
    _printf_pre_padding                      0x0800d6af   Thumb Code    44  _printf_pad.o(.text)
    _printf_post_padding                     0x0800d6db   Thumb Code    34  _printf_pad.o(.text)
    _printf_truncate_signed                  0x0800d6fd   Thumb Code    18  _printf_truncate.o(.text)
    _printf_truncate_unsigned                0x0800d70f   Thumb Code    18  _printf_truncate.o(.text)
    _printf_str                              0x0800d721   Thumb Code    82  _printf_str.o(.text)
    _printf_int_common                       0x0800d773   Thumb Code   178  _printf_intcommon.o(.text)
    _printf_charcount                        0x0800d825   Thumb Code    40  _printf_charcount.o(.text)
    __lib_sel_fp_printf                      0x0800d84d   Thumb Code     2  _printf_fp_dec.o(.text)
    _printf_fp_dec_real                      0x0800d9fb   Thumb Code   620  _printf_fp_dec.o(.text)
    _printf_char_common                      0x0800dc73   Thumb Code    32  _printf_char_common.o(.text)
    _sputc                                   0x0800dc99   Thumb Code    10  _sputc.o(.text)
    _printf_wctomb                           0x0800dca5   Thumb Code   182  _printf_wctomb.o(.text)
    _printf_longlong_dec                     0x0800dd61   Thumb Code   108  _printf_longlong_dec.o(.text)
    _printf_longlong_oct                     0x0800dddd   Thumb Code    68  _printf_oct_int_ll.o(.text)
    _printf_int_oct                          0x0800de21   Thumb Code    24  _printf_oct_int_ll.o(.text)
    _printf_ll_oct                           0x0800de39   Thumb Code    12  _printf_oct_int_ll.o(.text)
    _printf_longlong_hex                     0x0800de4d   Thumb Code    86  _printf_hex_int_ll_ptr.o(.text)
    _printf_int_hex                          0x0800dea3   Thumb Code    28  _printf_hex_int_ll_ptr.o(.text)
    _printf_ll_hex                           0x0800debf   Thumb Code    12  _printf_hex_int_ll_ptr.o(.text)
    _printf_hex_ptr                          0x0800decb   Thumb Code    18  _printf_hex_int_ll_ptr.o(.text)
    __user_libspace                          0x0800dee1   Thumb Code     8  libspace.o(.text)
    __user_perproc_libspace                  0x0800dee1   Thumb Code     0  libspace.o(.text)
    __user_perthread_libspace                0x0800dee1   Thumb Code     0  libspace.o(.text)
    __rt_locale                              0x0800dee9   Thumb Code     8  rt_locale_intlibspace.o(.text)
    __aeabi_errno_addr                       0x0800def1   Thumb Code     8  rt_errno_addr_intlibspace.o(.text)
    __errno$intlibspace                      0x0800def1   Thumb Code     0  rt_errno_addr_intlibspace.o(.text)
    __rt_errno_addr$intlibspace              0x0800def1   Thumb Code     0  rt_errno_addr_intlibspace.o(.text)
    __Heap_ProvideMemory                     0x0800def9   Thumb Code    52  h1_extend.o(.text)
    _ll_udiv10                               0x0800df2d   Thumb Code   138  lludiv10.o(.text)
    _printf_fp_hex_real                      0x0800dfb9   Thumb Code   754  _printf_fp_hex.o(.text)
    _printf_fp_infnan                        0x0800e2b5   Thumb Code   112  _printf_fp_infnan.o(.text)
    _printf_cs_common                        0x0800e335   Thumb Code    20  _printf_char.o(.text)
    _printf_char                             0x0800e349   Thumb Code    16  _printf_char.o(.text)
    _printf_string                           0x0800e359   Thumb Code     8  _printf_char.o(.text)
    _printf_lcs_common                       0x0800e361   Thumb Code    20  _printf_wchar.o(.text)
    _printf_wchar                            0x0800e375   Thumb Code    16  _printf_wchar.o(.text)
    _printf_wstring                          0x0800e385   Thumb Code     8  _printf_wchar.o(.text)
    _btod_etento                             0x0800e38d   Thumb Code   216  bigflt0.o(.text)
    _wcrtomb                                 0x0800e469   Thumb Code    64  _wcrtomb.o(.text)
    __rt_SIGRTMEM                            0x0800e4a9   Thumb Code    14  defsig_rtmem_outer.o(.text)
    __I$use$semihosting                      0x0800e4b7   Thumb Code     0  use_no_semi.o(.text)
    __use_no_semihosting_swi                 0x0800e4b7   Thumb Code     2  use_no_semi.o(.text)
    __semihosting_library_function           0x0800e4b9   Thumb Code     0  indicate_semi.o(.text)
    __user_setup_stackheap                   0x0800e4b9   Thumb Code    74  sys_stackheap_outer.o(.text)
    __rt_ctype_table                         0x0800e505   Thumb Code    16  rt_ctype_table.o(.text)
    exit                                     0x0800e515   Thumb Code    12  exit.o(.text)
    __sig_exit                               0x0800e521   Thumb Code    10  defsig_exit.o(.text)
    __rt_SIGRTMEM_inner                      0x0800e52d   Thumb Code    22  defsig_rtmem_inner.o(.text)
    strcmp                                   0x0800e57d   Thumb Code   128  strcmpv7m.o(.text)
    _sys_exit                                0x0800e5fd   Thumb Code     8  sys_exit.o(.text)
    __default_signal_display                 0x0800e609   Thumb Code    50  defsig_general.o(.text)
    _ttywrch                                 0x0800e63b   Thumb Code    14  sys_wrch.o(.text)
    _btod_d2e                                0x0800e649   Thumb Code    62  btod.o(CL$$btod_d2e)
    _d2e_denorm_low                          0x0800e687   Thumb Code    70  btod.o(CL$$btod_d2e_denorm_low)
    _d2e_norm_op1                            0x0800e6cd   Thumb Code    96  btod.o(CL$$btod_d2e_norm_op1)
    __btod_div_common                        0x0800e72d   Thumb Code   696  btod.o(CL$$btod_div_common)
    _e2e                                     0x0800ea65   Thumb Code   198  btod.o(CL$$btod_e2e)
    _btod_ediv                               0x0800eb2b   Thumb Code    40  btod.o(CL$$btod_ediv)
    _btod_emul                               0x0800eb53   Thumb Code    40  btod.o(CL$$btod_emul)
    __btod_mult_common                       0x0800eb7b   Thumb Code   580  btod.o(CL$$btod_mult_common)
    __ARM_fpclassify                         0x0800edbf   Thumb Code    40  fpclassify.o(i.__ARM_fpclassify)
    __ieee754_rem_pio2                       0x0800ede9   Thumb Code   828  rred.o(i.__ieee754_rem_pio2)
    __kernel_cos                             0x0800f171   Thumb Code   230  cos_i.o(i.__kernel_cos)
    __kernel_poly                            0x0800f26d   Thumb Code   170  poly.o(i.__kernel_poly)
    __kernel_sin                             0x0800f319   Thumb Code   224  sin_i.o(i.__kernel_sin)
    __mathlib_dbl_infnan                     0x0800f405   Thumb Code     6  dunder.o(i.__mathlib_dbl_infnan)
    __mathlib_dbl_invalid                    0x0800f40b   Thumb Code    12  dunder.o(i.__mathlib_dbl_invalid)
    __mathlib_dbl_underflow                  0x0800f419   Thumb Code    10  dunder.o(i.__mathlib_dbl_underflow)
    _is_digit                                0x0800f429   Thumb Code    14  __printf_wp.o(i._is_digit)
    atan                                     0x0800f439   Thumb Code   474  atan.o(i.atan)
    cos                                      0x0800f659   Thumb Code   148  cos.o(i.cos)
    sin                                      0x0800f6f5   Thumb Code   150  sin.o(i.sin)
    sqrt                                     0x0800f795   Thumb Code    76  sqrt.o(i.sqrt)
    _get_lc_numeric                          0x0800f7e1   Thumb Code    44  lc_numeric_c.o(locale$$code)
    _get_lc_ctype                            0x0800f80d   Thumb Code    44  lc_ctype_c.o(locale$$code)
    __aeabi_d2f                              0x0800f839   Thumb Code     0  d2f.o(x$fpl$d2f)
    _d2f                                     0x0800f839   Thumb Code    98  d2f.o(x$fpl$d2f)
    __aeabi_dadd                             0x0800f89d   Thumb Code     0  daddsub_clz.o(x$fpl$dadd)
    _dadd                                    0x0800f89d   Thumb Code   332  daddsub_clz.o(x$fpl$dadd)
    __fpl_dcheck_NaN1                        0x0800f9ed   Thumb Code    10  dcheck1.o(x$fpl$dcheck1)
    __fpl_dcmp_Inf                           0x0800f9fd   Thumb Code    24  dcmpi.o(x$fpl$dcmpinf)
    __aeabi_ddiv                             0x0800fa15   Thumb Code     0  ddiv.o(x$fpl$ddiv)
    _ddiv                                    0x0800fa15   Thumb Code   552  ddiv.o(x$fpl$ddiv)
    __aeabi_d2iz                             0x0800fcc5   Thumb Code     0  dfix.o(x$fpl$dfix)
    _dfix                                    0x0800fcc5   Thumb Code    94  dfix.o(x$fpl$dfix)
    __aeabi_i2d                              0x0800fd23   Thumb Code     0  dflt_clz.o(x$fpl$dflt)
    _dflt                                    0x0800fd23   Thumb Code    46  dflt_clz.o(x$fpl$dflt)
    __aeabi_ui2d                             0x0800fd51   Thumb Code     0  dflt_clz.o(x$fpl$dfltu)
    _dfltu                                   0x0800fd51   Thumb Code    38  dflt_clz.o(x$fpl$dfltu)
    __aeabi_cdcmple                          0x0800fd79   Thumb Code     0  dleqf.o(x$fpl$dleqf)
    _dcmple                                  0x0800fd79   Thumb Code   120  dleqf.o(x$fpl$dleqf)
    __fpl_dcmple_InfNaN                      0x0800fddb   Thumb Code     0  dleqf.o(x$fpl$dleqf)
    __aeabi_dmul                             0x0800fdf1   Thumb Code     0  dmul.o(x$fpl$dmul)
    _dmul                                    0x0800fdf1   Thumb Code   332  dmul.o(x$fpl$dmul)
    __fpl_dnaninf                            0x0800ff45   Thumb Code   156  dnaninf.o(x$fpl$dnaninf)
    __fpl_dretinf                            0x0800ffe1   Thumb Code    12  dretinf.o(x$fpl$dretinf)
    __aeabi_cdrcmple                         0x0800ffed   Thumb Code     0  drleqf.o(x$fpl$drleqf)
    _drcmple                                 0x0800ffed   Thumb Code   108  drleqf.o(x$fpl$drleqf)
    __aeabi_drsub                            0x08010059   Thumb Code     0  daddsub_clz.o(x$fpl$drsb)
    _drsb                                    0x08010059   Thumb Code    22  daddsub_clz.o(x$fpl$drsb)
    _dsqrt                                   0x08010071   Thumb Code   456  dsqrt_noumaal.o(x$fpl$dsqrt)
    __aeabi_dsub                             0x0801023d   Thumb Code     0  daddsub_clz.o(x$fpl$dsub)
    _dsub                                    0x0801023d   Thumb Code   464  daddsub_clz.o(x$fpl$dsub)
    __aeabi_f2d                              0x08010411   Thumb Code     0  f2d.o(x$fpl$f2d)
    _f2d                                     0x08010411   Thumb Code    86  f2d.o(x$fpl$f2d)
    __aeabi_fadd                             0x08010469   Thumb Code     0  faddsub_clz.o(x$fpl$fadd)
    _fadd                                    0x08010469   Thumb Code   196  faddsub_clz.o(x$fpl$fadd)
    __fpl_fcmp_Inf                           0x0801052d   Thumb Code    24  fcmpi.o(x$fpl$fcmpinf)
    __aeabi_fdiv                             0x08010545   Thumb Code     0  fdiv.o(x$fpl$fdiv)
    _fdiv                                    0x08010545   Thumb Code   384  fdiv.o(x$fpl$fdiv)
    __aeabi_f2iz                             0x080106c9   Thumb Code     0  ffix.o(x$fpl$ffix)
    _ffix                                    0x080106c9   Thumb Code    54  ffix.o(x$fpl$ffix)
    __aeabi_f2uiz                            0x08010701   Thumb Code     0  ffixu.o(x$fpl$ffixu)
    _ffixu                                   0x08010701   Thumb Code    62  ffixu.o(x$fpl$ffixu)
    __aeabi_i2f                              0x08010741   Thumb Code     0  fflt_clz.o(x$fpl$fflt)
    _fflt                                    0x08010741   Thumb Code    48  fflt_clz.o(x$fpl$fflt)
    __aeabi_ui2f                             0x08010771   Thumb Code     0  fflt_clz.o(x$fpl$ffltu)
    _ffltu                                   0x08010771   Thumb Code    38  fflt_clz.o(x$fpl$ffltu)
    __aeabi_cfcmple                          0x08010799   Thumb Code     0  fleqf.o(x$fpl$fleqf)
    _fcmple                                  0x08010799   Thumb Code   104  fleqf.o(x$fpl$fleqf)
    __fpl_fcmple_InfNaN                      0x080107eb   Thumb Code     0  fleqf.o(x$fpl$fleqf)
    __aeabi_fmul                             0x08010801   Thumb Code     0  fmul.o(x$fpl$fmul)
    _fmul                                    0x08010801   Thumb Code   258  fmul.o(x$fpl$fmul)
    __fpl_fnaninf                            0x08010903   Thumb Code   140  fnaninf.o(x$fpl$fnaninf)
    __fpl_fretinf                            0x0801098f   Thumb Code    10  fretinf.o(x$fpl$fretinf)
    __aeabi_cfrcmple                         0x08010999   Thumb Code     0  frleqf.o(x$fpl$frleqf)
    _frcmple                                 0x08010999   Thumb Code    98  frleqf.o(x$fpl$frleqf)
    __aeabi_frsub                            0x080109fb   Thumb Code     0  faddsub_clz.o(x$fpl$frsb)
    _frsb                                    0x080109fb   Thumb Code    20  faddsub_clz.o(x$fpl$frsb)
    __aeabi_fsub                             0x08010a11   Thumb Code     0  faddsub_clz.o(x$fpl$fsub)
    _fsub                                    0x08010a11   Thumb Code   234  faddsub_clz.o(x$fpl$fsub)
    _printf_fp_dec                           0x08010afb   Thumb Code     4  printf1.o(x$fpl$printf1)
    _printf_fp_hex                           0x08010aff   Thumb Code     4  printf2.o(x$fpl$printf2)
    __fpl_return_NaN                         0x08010b03   Thumb Code   100  retnan.o(x$fpl$retnan)
    __ARM_scalbn                             0x08010b67   Thumb Code    92  scalbn.o(x$fpl$scalbn)
    __fpl_cmpreturn                          0x08010bc3   Thumb Code    48  trapv.o(x$fpl$trapveneer)
    __I$use$fp                               0x08010bf2   Number         0  usenofp.o(x$fpl$usenofp)
    asc2_1206                                0x08010c0c   Data        1140  _lcd.o(.constdata)
    asc2_1608                                0x08011080   Data        1520  _lcd.o(.constdata)
    taskNum                                  0x08011670   Data           1  _task.o(.constdata)
    OSUnMapTbl                               0x08011684   Data         256  os_core.o(.constdata)
    Region$$Table$$Base                      0x08011a84   Number         0  anon$$obj.o(Region$$Table)
    Region$$Table$$Limit                     0x08011aa4   Number         0  anon$$obj.o(Region$$Table)
    __ctype                                  0x08011acd   Data           0  lc_ctype_c.o(locale$$data)
    Speed_X                                  0x20000000   Data           4  _mecanum.o(.data)
    Speed_Y                                  0x20000004   Data           4  _mecanum.o(.data)
    Speed_Rotation                           0x20000008   Data           4  _mecanum.o(.data)
    coeff_x                                  0x2000000c   Data           4  _mecanum.o(.data)
    coeff_y                                  0x20000010   Data           4  _mecanum.o(.data)
    coeff_r                                  0x20000014   Data           4  _mecanum.o(.data)
    Max_Acc                                  0x20000018   Data           4  _mecanum.o(.data)
    Mec_FL                                   0x2000001c   Data           8  _mecanum.o(.data)
    Mec_FR                                   0x20000024   Data           8  _mecanum.o(.data)
    Mec_BL                                   0x2000002c   Data           8  _mecanum.o(.data)
    Mec_BR                                   0x20000034   Data           8  _mecanum.o(.data)
    motor_speed                              0x2000004c   Data           4  _mecanum.o(.data)
    Speed_Limit                              0x20000050   Data           4  _mecanum.o(.data)
    Pid_List                                 0x20000064   Data         144  _pid.o(.data)
    pid_total                                0x2000010c   Data           1  _pid.o(.data)
    Aim_Keep_Point                           0x20000110   Data           8  _keep.o(.data)
    Aim_Keep_Radian                          0x20000118   Data           4  _keep.o(.data)
    Speed_Keep_Max                           0x2000011c   Data           4  _keep.o(.data)
    Speed_rotation_max                       0x20000120   Data           4  _keep.o(.data)
    Xcursor                                  0x20000140   Data           1  _lcdio.o(.data)
    Ycursor                                  0x20000141   Data           1  _lcdio.o(.data)
    LCD_Index                                0x20000142   Data           1  _lcdio.o(.data)
    leftWheel                                0x20000144   Data           8  _diff.o(.data)
    rightWheel                               0x2000014c   Data           8  _diff.o(.data)
    leftSpeed                                0x20000160   Data           4  _diff.o(.data)
    rightSpeed                               0x20000164   Data           4  _diff.o(.data)
    Can_Data_Num                             0x20000170   Data           1  _can_database.o(.data)
    MISO_INFRARED                            0x20000174   Data           4  _can_database.o(.data)
    MOSI_INFRA_SWITCH                        0x20000178   Data           4  _can_database.o(.data)
    infrared_status                          0x2000017c   Data           1  _can_database.o(.data)
    MOSI_SONIC_CMD                           0x2000017d   Data           1  _can_database.o(.data)
    MISO_SONIC_DAT                           0x2000017e   Data           3  _can_database.o(.data)
    MISO_SWITCH                              0x20000181   Data           2  _can_database.o(.data)
    MOSI_PWM                                 0x20000188   Data           8  _can_database.o(.data)
    Can_Database                             0x20000190   Data          40  _can_database.o(.data)
    HASH_TABLE                               0x200001b8   Data         256  _can_database.o(.data)
    io_structs                               0x200002bc   Data         133  _io_status.o(.data)
    POINT_COLOR                              0x20000342   Data           2  _lcd.o(.data)
    BACK_COLOR                               0x20000344   Data           2  _lcd.o(.data)
    pwm_structs                              0x20000348   Data          24  _pwm.o(.data)
    usart_structs                            0x20000360   Data          40  _uart.o(.data)
    Ultrasonic                               0x20000388   Data         340  _ultrasonic.o(.data)
    ultrasonic_num                           0x200004dc   Data           1  _ultrasonic.o(.data)
    CPR                                      0x200004ec   Data           2  _encoder.o(.data)
    r_now                                    0x200004ee   Data           4  _encoder.o(.data)
    Tim_S                                    0x200004f4   Data           8  _encoder.o(.data)
    TaskStructs                              0x20000500   Data        1056  _task.o(.data)
    testflag1                                0x20000920   Data           1  _task.o(.data)
    testflag2                                0x20000921   Data           1  _task.o(.data)
    testflag3                                0x20000922   Data           1  _task.o(.data)
    PS2_key                                  0x20000923   Data           1  _task.o(.data)
    ModbusCtrl                               0x20000924   Data           8  _task.o(.data)
    ModbusEnable                             0x2000092c   Data           8  _task.o(.data)
    MotorEnable                              0x20000934   Data           8  _task.o(.data)
    MotorSpeed                               0x2000093c   Data           8  _task.o(.data)
    switchStatus                             0x20000944   Data          16  _task.o(.data)
    last_pc_cnt                              0x20000954   Data           4  _task.o(.data)
    time_count                               0x20000958   Data           4  _task.o(.data)
    time_out                                 0x2000095c   Data           1  _task.o(.data)
    IsFcrash                                 0x2000095d   Data           1  _task.o(.data)
    IsBcrash                                 0x2000095e   Data           1  _task.o(.data)
    startNum                                 0x20000978   Data           2  stm32f10x_it.o(.data)
    cnt_flag                                 0x2000097a   Data           1  stm32f10x_it.o(.data)
    gps_cnt                                  0x2000097b   Data           1  stm32f10x_it.o(.data)
    rec_cnt                                  0x2000097c   Data           1  stm32f10x_it.o(.data)
    tmp_data                                 0x2000097d   Data           4  stm32f10x_it.o(.data)
    PcstartNum                               0x20000981   Data           2  stm32f10x_it.o(.data)
    pc_cnt_flag                              0x20000983   Data           1  stm32f10x_it.o(.data)
    pc_cnt                                   0x20000984   Data           4  stm32f10x_it.o(.data)
    pc_rec_cnt                               0x20000988   Data           1  stm32f10x_it.o(.data)
    pc_tmp_data                              0x20000989   Data           4  stm32f10x_it.o(.data)
    timeStamp                                0x20000990   Data           4  stm32f10x_it.o(.data)
    overFlag                                 0x20000994   Data           1  stm32f10x_it.o(.data)
    SystemCoreClock                          0x20000998   Data           4  system_stm32f10x.o(.data)
    AHBPrescTable                            0x2000099c   Data          16  system_stm32f10x.o(.data)
    OSCtxSwCtr                               0x200009c0   Data           4  os_core.o(.data)
    OSEventFreeList                          0x200009c4   Data           4  os_core.o(.data)
    OSFlagFreeList                           0x200009c8   Data           4  os_core.o(.data)
    OSCPUUsage                               0x200009cc   Data           1  os_core.o(.data)
    OSIdleCtrMax                             0x200009d0   Data           4  os_core.o(.data)
    OSIdleCtrRun                             0x200009d4   Data           4  os_core.o(.data)
    OSStatRdy                                0x200009d8   Data           1  os_core.o(.data)
    OSIntNesting                             0x200009d9   Data           1  os_core.o(.data)
    OSLockNesting                            0x200009da   Data           1  os_core.o(.data)
    OSPrioCur                                0x200009db   Data           1  os_core.o(.data)
    OSPrioHighRdy                            0x200009dc   Data           1  os_core.o(.data)
    OSRdyGrp                                 0x200009dd   Data           1  os_core.o(.data)
    OSRdyTbl                                 0x200009de   Data           8  os_core.o(.data)
    OSRunning                                0x200009e6   Data           1  os_core.o(.data)
    OSTaskCtr                                0x200009e7   Data           1  os_core.o(.data)
    OSIdleCtr                                0x200009e8   Data           4  os_core.o(.data)
    OSTCBCur                                 0x200009ec   Data           4  os_core.o(.data)
    OSTCBFreeList                            0x200009f0   Data           4  os_core.o(.data)
    OSTCBHighRdy                             0x200009f4   Data           4  os_core.o(.data)
    OSTCBList                                0x200009f8   Data           4  os_core.o(.data)
    OSTickStepState                          0x200009fc   Data           1  os_core.o(.data)
    OSQFreeList                              0x20000a00   Data           4  os_core.o(.data)
    OSTime                                   0x20000a04   Data           4  os_core.o(.data)
    Vout                                     0x20000a08   Data          40  _pid.o(.bss)
    GPS                                      0x20000a30   Data          12  _gopath.o(.bss)
    DataConvBuff                             0x20000a3c   Data          25  _lcdio.o(.bss)
    LCD_Table                                0x20000a55   Data         100  _lcdio.o(.bss)
    lcddev                                   0x20000aba   Data          14  _lcd.o(.bss)
    RGB_BUF                                  0x20000c80   Data          24  _ws2812b.o(.bss)
    AdData                                   0x20000c98   Data          24  _adc.o(.bss)
    GpsData                                  0x20000cb0   Data          60  stm32f10x_it.o(.bss)
    PcData                                   0x20000cec   Data          36  stm32f10x_it.o(.bss)
    OSEventTbl                               0x20000d10   Data         200  os_core.o(.bss)
    OSFlagTbl                                0x20000dd8   Data          80  os_core.o(.bss)
    OSTaskStatStk                            0x20000e28   Data         512  os_core.o(.bss)
    OSTaskIdleStk                            0x20001028   Data         512  os_core.o(.bss)
    OSTCBPrioTbl                             0x20001228   Data         256  os_core.o(.bss)
    OSTCBTbl                                 0x20001328   Data        1008  os_core.o(.bss)
    OSQTbl                                   0x20001718   Data         120  os_core.o(.bss)
    __libspace_start                         0x20001790   Data          96  libspace.o(.bss)
    __temporary_stack_top$libspace           0x200017f0   Data           0  libspace.o(.bss)



==============================================================================

Memory Map of the image

  Image Entry point : 0x08000131

  Load Region LR_IROM1 (Base: 0x08000000, Size: 0x000125d8, Max: 0x00080000, ABSOLUTE, COMPRESSED[0x00011da8])

    Execution Region ER_IROM1 (Base: 0x08000000, Size: 0x00011bd0, Max: 0x00080000, ABSOLUTE)

    Base Addr    Size         Type   Attr      Idx    E Section Name        Object

    0x08000000   0x00000130   Data   RO         1229    RESET               startup_stm32f10x_hd.o
    0x08000130   0x00000008   Code   RO         1491  * !!!main             c_w.l(__main.o)
    0x08000138   0x00000034   Code   RO         1989    !!!scatter          c_w.l(__scatter.o)
    0x0800016c   0x0000005a   Code   RO         1987    !!dczerorl2         c_w.l(__dczerorl2.o)
    0x080001c6   0x00000002   PAD
    0x080001c8   0x0000001c   Code   RO         1991    !!handler_zi        c_w.l(__scatter_zi.o)
    0x080001e4   0x00000000   Code   RO         1480    .ARM.Collect$$_printf_percent$$00000000  c_w.l(_printf_percent.o)
    0x080001e4   0x00000006   Code   RO         1671    .ARM.Collect$$_printf_percent$$00000001  c_w.l(_printf_n.o)
    0x080001ea   0x00000006   Code   RO         1673    .ARM.Collect$$_printf_percent$$00000002  c_w.l(_printf_p.o)
    0x080001f0   0x00000006   Code   RO         1479    .ARM.Collect$$_printf_percent$$00000003  c_w.l(_printf_f.o)
    0x080001f6   0x00000006   Code   RO         1677    .ARM.Collect$$_printf_percent$$00000004  c_w.l(_printf_e.o)
    0x080001fc   0x00000006   Code   RO         1678    .ARM.Collect$$_printf_percent$$00000005  c_w.l(_printf_g.o)
    0x08000202   0x00000006   Code   RO         1679    .ARM.Collect$$_printf_percent$$00000006  c_w.l(_printf_a.o)
    0x08000208   0x0000000a   Code   RO         1684    .ARM.Collect$$_printf_percent$$00000007  c_w.l(_printf_ll.o)
    0x08000212   0x00000006   Code   RO         1675    .ARM.Collect$$_printf_percent$$00000008  c_w.l(_printf_i.o)
    0x08000218   0x00000006   Code   RO         1478    .ARM.Collect$$_printf_percent$$00000009  c_w.l(_printf_d.o)
    0x0800021e   0x00000006   Code   RO         1676    .ARM.Collect$$_printf_percent$$0000000A  c_w.l(_printf_u.o)
    0x08000224   0x00000006   Code   RO         1674    .ARM.Collect$$_printf_percent$$0000000B  c_w.l(_printf_o.o)
    0x0800022a   0x00000006   Code   RO         1672    .ARM.Collect$$_printf_percent$$0000000C  c_w.l(_printf_x.o)
    0x08000230   0x00000006   Code   RO         1681    .ARM.Collect$$_printf_percent$$0000000D  c_w.l(_printf_lli.o)
    0x08000236   0x00000006   Code   RO         1682    .ARM.Collect$$_printf_percent$$0000000E  c_w.l(_printf_lld.o)
    0x0800023c   0x00000006   Code   RO         1683    .ARM.Collect$$_printf_percent$$0000000F  c_w.l(_printf_llu.o)
    0x08000242   0x00000006   Code   RO         1688    .ARM.Collect$$_printf_percent$$00000010  c_w.l(_printf_llo.o)
    0x08000248   0x00000006   Code   RO         1689    .ARM.Collect$$_printf_percent$$00000011  c_w.l(_printf_llx.o)
    0x0800024e   0x0000000a   Code   RO         1685    .ARM.Collect$$_printf_percent$$00000012  c_w.l(_printf_l.o)
    0x08000258   0x00000006   Code   RO         1669    .ARM.Collect$$_printf_percent$$00000013  c_w.l(_printf_c.o)
    0x0800025e   0x00000006   Code   RO         1670    .ARM.Collect$$_printf_percent$$00000014  c_w.l(_printf_s.o)
    0x08000264   0x00000006   Code   RO         1686    .ARM.Collect$$_printf_percent$$00000015  c_w.l(_printf_lc.o)
    0x0800026a   0x00000006   Code   RO         1687    .ARM.Collect$$_printf_percent$$00000016  c_w.l(_printf_ls.o)
    0x08000270   0x00000004   Code   RO         1680    .ARM.Collect$$_printf_percent$$00000017  c_w.l(_printf_percent_end.o)
    0x08000274   0x00000002   Code   RO         1920    .ARM.Collect$$libinit$$00000000  c_w.l(libinit.o)
    0x08000276   0x00000000   Code   RO         1693    .ARM.Collect$$libinit$$00000002  c_w.l(libinit2.o)
    0x08000276   0x00000000   Code   RO         1695    .ARM.Collect$$libinit$$00000004  c_w.l(libinit2.o)
    0x08000276   0x00000008   Code   RO         1696    .ARM.Collect$$libinit$$00000005  c_w.l(libinit2.o)
    0x0800027e   0x00000000   Code   RO         1698    .ARM.Collect$$libinit$$0000000A  c_w.l(libinit2.o)
    0x0800027e   0x00000000   Code   RO         1700    .ARM.Collect$$libinit$$0000000C  c_w.l(libinit2.o)
    0x0800027e   0x00000000   Code   RO         1702    .ARM.Collect$$libinit$$0000000E  c_w.l(libinit2.o)
    0x0800027e   0x00000006   Code   RO         1703    .ARM.Collect$$libinit$$0000000F  c_w.l(libinit2.o)
    0x08000284   0x00000000   Code   RO         1705    .ARM.Collect$$libinit$$00000011  c_w.l(libinit2.o)
    0x08000284   0x0000000c   Code   RO         1706    .ARM.Collect$$libinit$$00000012  c_w.l(libinit2.o)
    0x08000290   0x00000000   Code   RO         1707    .ARM.Collect$$libinit$$00000013  c_w.l(libinit2.o)
    0x08000290   0x00000000   Code   RO         1709    .ARM.Collect$$libinit$$00000015  c_w.l(libinit2.o)
    0x08000290   0x0000000a   Code   RO         1710    .ARM.Collect$$libinit$$00000016  c_w.l(libinit2.o)
    0x0800029a   0x00000000   Code   RO         1711    .ARM.Collect$$libinit$$00000017  c_w.l(libinit2.o)
    0x0800029a   0x00000000   Code   RO         1713    .ARM.Collect$$libinit$$00000019  c_w.l(libinit2.o)
    0x0800029a   0x00000000   Code   RO         1715    .ARM.Collect$$libinit$$0000001B  c_w.l(libinit2.o)
    0x0800029a   0x00000000   Code   RO         1717    .ARM.Collect$$libinit$$0000001D  c_w.l(libinit2.o)
    0x0800029a   0x00000000   Code   RO         1719    .ARM.Collect$$libinit$$0000001F  c_w.l(libinit2.o)
    0x0800029a   0x00000000   Code   RO         1721    .ARM.Collect$$libinit$$00000021  c_w.l(libinit2.o)
    0x0800029a   0x00000000   Code   RO         1723    .ARM.Collect$$libinit$$00000023  c_w.l(libinit2.o)
    0x0800029a   0x00000000   Code   RO         1725    .ARM.Collect$$libinit$$00000025  c_w.l(libinit2.o)
    0x0800029a   0x00000000   Code   RO         1729    .ARM.Collect$$libinit$$0000002C  c_w.l(libinit2.o)
    0x0800029a   0x00000000   Code   RO         1731    .ARM.Collect$$libinit$$0000002E  c_w.l(libinit2.o)
    0x0800029a   0x00000000   Code   RO         1733    .ARM.Collect$$libinit$$00000030  c_w.l(libinit2.o)
    0x0800029a   0x00000000   Code   RO         1735    .ARM.Collect$$libinit$$00000032  c_w.l(libinit2.o)
    0x0800029a   0x00000002   Code   RO         1736    .ARM.Collect$$libinit$$00000033  c_w.l(libinit2.o)
    0x0800029c   0x00000002   Code   RO         1984    .ARM.Collect$$libshutdown$$00000000  c_w.l(libshutdown.o)
    0x0800029e   0x00000000   Code   RO         1940    .ARM.Collect$$libshutdown$$00000003  c_w.l(libshutdown2.o)
    0x0800029e   0x00000000   Code   RO         1943    .ARM.Collect$$libshutdown$$00000006  c_w.l(libshutdown2.o)
    0x0800029e   0x00000000   Code   RO         1946    .ARM.Collect$$libshutdown$$00000009  c_w.l(libshutdown2.o)
    0x0800029e   0x00000000   Code   RO         1948    .ARM.Collect$$libshutdown$$0000000B  c_w.l(libshutdown2.o)
    0x0800029e   0x00000000   Code   RO         1951    .ARM.Collect$$libshutdown$$0000000E  c_w.l(libshutdown2.o)
    0x0800029e   0x00000002   Code   RO         1952    .ARM.Collect$$libshutdown$$0000000F  c_w.l(libshutdown2.o)
    0x080002a0   0x00000000   Code   RO         1593    .ARM.Collect$$rtentry$$00000000  c_w.l(__rtentry.o)
    0x080002a0   0x00000000   Code   RO         1798    .ARM.Collect$$rtentry$$00000002  c_w.l(__rtentry2.o)
    0x080002a0   0x00000006   Code   RO         1810    .ARM.Collect$$rtentry$$00000004  c_w.l(__rtentry4.o)
    0x080002a6   0x00000000   Code   RO         1800    .ARM.Collect$$rtentry$$00000009  c_w.l(__rtentry2.o)
    0x080002a6   0x00000004   Code   RO         1801    .ARM.Collect$$rtentry$$0000000A  c_w.l(__rtentry2.o)
    0x080002aa   0x00000000   Code   RO         1803    .ARM.Collect$$rtentry$$0000000C  c_w.l(__rtentry2.o)
    0x080002aa   0x00000008   Code   RO         1804    .ARM.Collect$$rtentry$$0000000D  c_w.l(__rtentry2.o)
    0x080002b2   0x00000002   Code   RO         1925    .ARM.Collect$$rtexit$$00000000  c_w.l(rtexit.o)
    0x080002b4   0x00000000   Code   RO         1958    .ARM.Collect$$rtexit$$00000002  c_w.l(rtexit2.o)
    0x080002b4   0x00000004   Code   RO         1959    .ARM.Collect$$rtexit$$00000003  c_w.l(rtexit2.o)
    0x080002b8   0x00000006   Code   RO         1960    .ARM.Collect$$rtexit$$00000004  c_w.l(rtexit2.o)
    0x080002be   0x00000002   PAD
    0x080002c0   0x00000000   Code   RO         1824    .emb_text           c_w.l(maybetermalloc1.o)
    0x080002c0   0x0000069c   Code   RO            1    .text               _math.o
    0x0800095c   0x000002b0   Code   RO          139    .text               _pid.o
    0x08000c0c   0x000003f8   Code   RO          213    .text               _keep.o
    0x08001004   0x000008ac   Code   RO          284    .text               _lcdio.o
    0x080018b0   0x000001b8   Code   RO          310    .text               _serial.o
    0x08001a68   0x0000023c   Code   RO          362    .text               _diff.o
    0x08001ca4   0x00000314   Code   RO          408    .text               _can.o
    0x08001fb8   0x000000d8   Code   RO          430    .text               _can_database.o
    0x08002090   0x00000030   Code   RO          448    .text               _command.o
    0x080020c0   0x00000130   Code   RO          479    .text               _delay.o
    0x080021f0   0x00000144   Code   RO          523    .text               _io_status.o
    0x08002334   0x000041cc   Code   RO          546    .text               _lcd.o
    0x08006500   0x000003cc   Code   RO          644    .text               _pwm.o
    0x080068cc   0x000000dc   Code   RO          662    .text               _tim.o
    0x080069a8   0x000001c8   Code   RO          709    .text               _uart.o
    0x08006b70   0x00000260   Code   RO          728    .text               _ultrasonic.o
    0x08006dd0   0x000001f4   Code   RO          750    .text               _encoder.o
    0x08006fc4   0x00000104   Code   RO          765    .text               _ws2812b.o
    0x080070c8   0x000001d0   Code   RO          791    .text               _adc.o
    0x08007298   0x00000450   Code   RO          843    .text               _task.o
    0x080076e8   0x000000cc   Code   RO          914    .text               sys.o
    0x080077b4   0x00000036   Code   RO          937    .text               main.o
    0x080077ea   0x00000002   PAD
    0x080077ec   0x000004f8   Code   RO          990    .text               stm32f10x_it.o
    0x08007ce4   0x000001e0   Code   RO         1017    .text               system_stm32f10x.o
    0x08007ec4   0x000000dc   Code   RO         1035    .text               misc.o
    0x08007fa0   0x000009f0   Code   RO         1047    .text               stm32f10x_can.o
    0x08008990   0x00000254   Code   RO         1071    .text               stm32f10x_dma.o
    0x08008be4   0x0000011c   Code   RO         1083    .text               stm32f10x_exti.o
    0x08008d00   0x0000060c   Code   RO         1107    .text               stm32f10x_fsmc.o
    0x0800930c   0x0000035c   Code   RO         1119    .text               stm32f10x_gpio.o
    0x08009668   0x000003a4   Code   RO         1143    .text               stm32f10x_rcc.o
    0x08009a0c   0x00000e1a   Code   RO         1181    .text               stm32f10x_tim.o
    0x0800a826   0x00000002   PAD
    0x0800a828   0x00000408   Code   RO         1193    .text               stm32f10x_usart.o
    0x0800ac30   0x0000044e   Code   RO         1205    .text               stm32f10x_adc.o
    0x0800b07e   0x00000002   PAD
    0x0800b080   0x00000040   Code   RO         1230    .text               startup_stm32f10x_hd.o
    0x0800b0c0   0x00000890   Code   RO         1234    .text               os_core.o
    0x0800b950   0x0000080c   Code   RO         1254    .text               os_flag.o
    0x0800c15c   0x000005e8   Code   RO         1296    .text               os_q.o
    0x0800c744   0x000007c4   Code   RO         1320    .text               os_task.o
    0x0800cf08   0x000001b0   Code   RO         1332    .text               os_time.o
    0x0800d0b8   0x000000ae   Code   RO         1350    .text               os_cpu_c.o
    0x0800d166   0x00000002   PAD
    0x0800d168   0x000000b4   Code   RO         1381    .text               os_cpu_a.o
    0x0800d21c   0x0000005e   Code   RO         1390    .text               c_w.l(h1_alloc.o)
    0x0800d27a   0x0000004e   Code   RO         1392    .text               c_w.l(h1_free.o)
    0x0800d2c8   0x00000024   Code   RO         1448    .text               c_w.l(vsprintf.o)
    0x0800d2ec   0x0000002c   Code   RO         1450    .text               c_w.l(__2sprintf.o)
    0x0800d318   0x00000078   Code   RO         1456    .text               c_w.l(_printf_dec.o)
    0x0800d390   0x00000188   Code   RO         1475    .text               c_w.l(__printf_flags_ss_wp.o)
    0x0800d518   0x00000048   Code   RO         1481    .text               c_w.l(strcpy.o)
    0x0800d560   0x0000003e   Code   RO         1483    .text               c_w.l(strlen.o)
    0x0800d59e   0x0000004e   Code   RO         1487    .text               c_w.l(rt_memclr_w.o)
    0x0800d5ec   0x00000006   Code   RO         1489    .text               c_w.l(heapauxi.o)
    0x0800d5f2   0x00000002   PAD
    0x0800d5f4   0x00000008   Code   RO         1597    .text               c_w.l(rt_heap_descriptor_intlibspace.o)
    0x0800d5fc   0x00000004   Code   RO         1599    .text               c_w.l(hguard.o)
    0x0800d600   0x0000008a   Code   RO         1601    .text               c_w.l(init_alloc.o)
    0x0800d68a   0x0000000e   Code   RO         1605    .text               c_w.l(h1_init.o)
    0x0800d698   0x00000016   Code   RO         1619    .text               c_w.l(_rserrno.o)
    0x0800d6ae   0x0000004e   Code   RO         1621    .text               c_w.l(_printf_pad.o)
    0x0800d6fc   0x00000024   Code   RO         1623    .text               c_w.l(_printf_truncate.o)
    0x0800d720   0x00000052   Code   RO         1625    .text               c_w.l(_printf_str.o)
    0x0800d772   0x000000b2   Code   RO         1627    .text               c_w.l(_printf_intcommon.o)
    0x0800d824   0x00000028   Code   RO         1629    .text               c_w.l(_printf_charcount.o)
    0x0800d84c   0x0000041a   Code   RO         1631    .text               c_w.l(_printf_fp_dec.o)
    0x0800dc66   0x00000002   PAD
    0x0800dc68   0x00000030   Code   RO         1633    .text               c_w.l(_printf_char_common.o)
    0x0800dc98   0x0000000a   Code   RO         1635    .text               c_w.l(_sputc.o)
    0x0800dca2   0x00000002   PAD
    0x0800dca4   0x000000bc   Code   RO         1637    .text               c_w.l(_printf_wctomb.o)
    0x0800dd60   0x0000007c   Code   RO         1640    .text               c_w.l(_printf_longlong_dec.o)
    0x0800dddc   0x00000070   Code   RO         1646    .text               c_w.l(_printf_oct_int_ll.o)
    0x0800de4c   0x00000094   Code   RO         1666    .text               c_w.l(_printf_hex_int_ll_ptr.o)
    0x0800dee0   0x00000008   Code   RO         1794    .text               c_w.l(libspace.o)
    0x0800dee8   0x00000008   Code   RO         1815    .text               c_w.l(rt_locale_intlibspace.o)
    0x0800def0   0x00000008   Code   RO         1820    .text               c_w.l(rt_errno_addr_intlibspace.o)
    0x0800def8   0x00000034   Code   RO         1826    .text               c_w.l(h1_extend.o)
    0x0800df2c   0x0000008a   Code   RO         1830    .text               c_w.l(lludiv10.o)
    0x0800dfb6   0x00000002   PAD
    0x0800dfb8   0x000002fc   Code   RO         1832    .text               c_w.l(_printf_fp_hex.o)
    0x0800e2b4   0x00000080   Code   RO         1835    .text               c_w.l(_printf_fp_infnan.o)
    0x0800e334   0x0000002c   Code   RO         1839    .text               c_w.l(_printf_char.o)
    0x0800e360   0x0000002c   Code   RO         1841    .text               c_w.l(_printf_wchar.o)
    0x0800e38c   0x000000dc   Code   RO         1843    .text               c_w.l(bigflt0.o)
    0x0800e468   0x00000040   Code   RO         1868    .text               c_w.l(_wcrtomb.o)
    0x0800e4a8   0x0000000e   Code   RO         1873    .text               c_w.l(defsig_rtmem_outer.o)
    0x0800e4b6   0x00000002   Code   RO         1892    .text               c_w.l(use_no_semi.o)
    0x0800e4b8   0x00000000   Code   RO         1894    .text               c_w.l(indicate_semi.o)
    0x0800e4b8   0x0000004a   Code   RO         1895    .text               c_w.l(sys_stackheap_outer.o)
    0x0800e502   0x00000002   PAD
    0x0800e504   0x00000010   Code   RO         1897    .text               c_w.l(rt_ctype_table.o)
    0x0800e514   0x0000000c   Code   RO         1903    .text               c_w.l(exit.o)
    0x0800e520   0x0000000a   Code   RO         1905    .text               c_w.l(defsig_exit.o)
    0x0800e52a   0x00000002   PAD
    0x0800e52c   0x00000050   Code   RO         1907    .text               c_w.l(defsig_rtmem_inner.o)
    0x0800e57c   0x00000080   Code   RO         1909    .text               c_w.l(strcmpv7m.o)
    0x0800e5fc   0x0000000c   Code   RO         1923    .text               c_w.l(sys_exit.o)
    0x0800e608   0x00000032   Code   RO         1936    .text               c_w.l(defsig_general.o)
    0x0800e63a   0x0000000e   Code   RO         1955    .text               c_w.l(sys_wrch.o)
    0x0800e648   0x0000003e   Code   RO         1846    CL$$btod_d2e        c_w.l(btod.o)
    0x0800e686   0x00000046   Code   RO         1848    CL$$btod_d2e_denorm_low  c_w.l(btod.o)
    0x0800e6cc   0x00000060   Code   RO         1847    CL$$btod_d2e_norm_op1  c_w.l(btod.o)
    0x0800e72c   0x00000338   Code   RO         1856    CL$$btod_div_common  c_w.l(btod.o)
    0x0800ea64   0x000000c6   Code   RO         1853    CL$$btod_e2e        c_w.l(btod.o)
    0x0800eb2a   0x00000028   Code   RO         1850    CL$$btod_ediv       c_w.l(btod.o)
    0x0800eb52   0x00000028   Code   RO         1849    CL$$btod_emul       c_w.l(btod.o)
    0x0800eb7a   0x00000244   Code   RO         1855    CL$$btod_mult_common  c_w.l(btod.o)
    0x0800edbe   0x00000028   Code   RO         1777    i.__ARM_fpclassify  m_ws.l(fpclassify.o)
    0x0800ede6   0x00000002   PAD
    0x0800ede8   0x00000388   Code   RO         1781    i.__ieee754_rem_pio2  m_ws.l(rred.o)
    0x0800f170   0x000000fc   Code   RO         1760    i.__kernel_cos      m_ws.l(cos_i.o)
    0x0800f26c   0x000000aa   Code   RO         1779    i.__kernel_poly     m_ws.l(poly.o)
    0x0800f316   0x00000002   PAD
    0x0800f318   0x000000ec   Code   RO         1786    i.__kernel_sin      m_ws.l(sin_i.o)
    0x0800f404   0x00000006   Code   RO         1764    i.__mathlib_dbl_infnan  m_ws.l(dunder.o)
    0x0800f40a   0x0000000c   Code   RO         1766    i.__mathlib_dbl_invalid  m_ws.l(dunder.o)
    0x0800f416   0x00000002   PAD
    0x0800f418   0x00000010   Code   RO         1769    i.__mathlib_dbl_underflow  m_ws.l(dunder.o)
    0x0800f428   0x0000000e   Code   RO         1468    i._is_digit         c_w.l(__printf_wp.o)
    0x0800f436   0x00000002   PAD
    0x0800f438   0x00000220   Code   RO         1558    i.atan              m_ws.l(atan.o)
    0x0800f658   0x0000009c   Code   RO         1568    i.cos               m_ws.l(cos.o)
    0x0800f6f4   0x000000a0   Code   RO         1576    i.sin               m_ws.l(sin.o)
    0x0800f794   0x0000004c   Code   RO         1584    i.sqrt              m_ws.l(sqrt.o)
    0x0800f7e0   0x0000002c   Code   RO         1871    locale$$code        c_w.l(lc_numeric_c.o)
    0x0800f80c   0x0000002c   Code   RO         1932    locale$$code        c_w.l(lc_ctype_c.o)
    0x0800f838   0x00000062   Code   RO         1493    x$fpl$d2f           fz_ws.l(d2f.o)
    0x0800f89a   0x00000002   PAD
    0x0800f89c   0x00000150   Code   RO         1495    x$fpl$dadd          fz_ws.l(daddsub_clz.o)
    0x0800f9ec   0x00000010   Code   RO         1882    x$fpl$dcheck1       fz_ws.l(dcheck1.o)
    0x0800f9fc   0x00000018   Code   RO         1737    x$fpl$dcmpinf       fz_ws.l(dcmpi.o)
    0x0800fa14   0x000002b0   Code   RO         1502    x$fpl$ddiv          fz_ws.l(ddiv.o)
    0x0800fcc4   0x0000005e   Code   RO         1884    x$fpl$dfix          fz_ws.l(dfix.o)
    0x0800fd22   0x0000002e   Code   RO         1510    x$fpl$dflt          fz_ws.l(dflt_clz.o)
    0x0800fd50   0x00000026   Code   RO         1509    x$fpl$dfltu         fz_ws.l(dflt_clz.o)
    0x0800fd76   0x00000002   PAD
    0x0800fd78   0x00000078   Code   RO         1515    x$fpl$dleqf         fz_ws.l(dleqf.o)
    0x0800fdf0   0x00000154   Code   RO         1517    x$fpl$dmul          fz_ws.l(dmul.o)
    0x0800ff44   0x0000009c   Code   RO         1739    x$fpl$dnaninf       fz_ws.l(dnaninf.o)
    0x0800ffe0   0x0000000c   Code   RO         1741    x$fpl$dretinf       fz_ws.l(dretinf.o)
    0x0800ffec   0x0000006c   Code   RO         1519    x$fpl$drleqf        fz_ws.l(drleqf.o)
    0x08010058   0x00000016   Code   RO         1496    x$fpl$drsb          fz_ws.l(daddsub_clz.o)
    0x0801006e   0x00000002   PAD
    0x08010070   0x000001cc   Code   RO         1743    x$fpl$dsqrt         fz_ws.l(dsqrt_noumaal.o)
    0x0801023c   0x000001d4   Code   RO         1497    x$fpl$dsub          fz_ws.l(daddsub_clz.o)
    0x08010410   0x00000056   Code   RO         1521    x$fpl$f2d           fz_ws.l(f2d.o)
    0x08010466   0x00000002   PAD
    0x08010468   0x000000c4   Code   RO         1523    x$fpl$fadd          fz_ws.l(faddsub_clz.o)
    0x0801052c   0x00000018   Code   RO         1745    x$fpl$fcmpinf       fz_ws.l(fcmpi.o)
    0x08010544   0x00000184   Code   RO         1530    x$fpl$fdiv          fz_ws.l(fdiv.o)
    0x080106c8   0x00000036   Code   RO         1535    x$fpl$ffix          fz_ws.l(ffix.o)
    0x080106fe   0x00000002   PAD
    0x08010700   0x0000003e   Code   RO         1539    x$fpl$ffixu         fz_ws.l(ffixu.o)
    0x0801073e   0x00000002   PAD
    0x08010740   0x00000030   Code   RO         1544    x$fpl$fflt          fz_ws.l(fflt_clz.o)
    0x08010770   0x00000026   Code   RO         1543    x$fpl$ffltu         fz_ws.l(fflt_clz.o)
    0x08010796   0x00000002   PAD
    0x08010798   0x00000068   Code   RO         1549    x$fpl$fleqf         fz_ws.l(fleqf.o)
    0x08010800   0x00000102   Code   RO         1551    x$fpl$fmul          fz_ws.l(fmul.o)
    0x08010902   0x0000008c   Code   RO         1747    x$fpl$fnaninf       fz_ws.l(fnaninf.o)
    0x0801098e   0x0000000a   Code   RO         1749    x$fpl$fretinf       fz_ws.l(fretinf.o)
    0x08010998   0x00000062   Code   RO         1553    x$fpl$frleqf        fz_ws.l(frleqf.o)
    0x080109fa   0x00000014   Code   RO         1524    x$fpl$frsb          fz_ws.l(faddsub_clz.o)
    0x08010a0e   0x00000002   PAD
    0x08010a10   0x000000ea   Code   RO         1525    x$fpl$fsub          fz_ws.l(faddsub_clz.o)
    0x08010afa   0x00000004   Code   RO         1555    x$fpl$printf1       fz_ws.l(printf1.o)
    0x08010afe   0x00000004   Code   RO         1751    x$fpl$printf2       fz_ws.l(printf2.o)
    0x08010b02   0x00000064   Code   RO         1921    x$fpl$retnan        fz_ws.l(retnan.o)
    0x08010b66   0x0000005c   Code   RO         1757    x$fpl$scalbn        fz_ws.l(scalbn.o)
    0x08010bc2   0x00000030   Code   RO         1953    x$fpl$trapveneer    fz_ws.l(trapv.o)
    0x08010bf2   0x00000000   Code   RO         1759    x$fpl$usenofp       fz_ws.l(usenofp.o)
    0x08010bf2   0x00000002   PAD
    0x08010bf4   0x00000018   Data   RO          311    .constdata          _serial.o
    0x08010c0c   0x00000a64   Data   RO          548    .constdata          _lcd.o
    0x08011670   0x00000014   Data   RO          845    .constdata          _task.o
    0x08011684   0x00000100   Data   RO         1236    .constdata          os_core.o
    0x08011784   0x00000011   Data   RO         1476    .constdata          c_w.l(__printf_flags_ss_wp.o)
    0x08011795   0x00000003   PAD
    0x08011798   0x00000098   Data   RO         1559    .constdata          m_ws.l(atan.o)
    0x08011830   0x00000008   Data   RO         1638    .constdata          c_w.l(_printf_wctomb.o)
    0x08011838   0x00000028   Data   RO         1667    .constdata          c_w.l(_printf_hex_int_ll_ptr.o)
    0x08011860   0x00000030   Data   RO         1761    .constdata          m_ws.l(cos_i.o)
    0x08011890   0x000000c8   Data   RO         1783    .constdata          m_ws.l(rred.o)
    0x08011958   0x00000028   Data   RO         1787    .constdata          m_ws.l(sin_i.o)
    0x08011980   0x00000026   Data   RO         1833    .constdata          c_w.l(_printf_fp_hex.o)
    0x080119a6   0x00000002   PAD
    0x080119a8   0x00000094   Data   RO         1844    .constdata          c_w.l(bigflt0.o)
    0x08011a3c   0x00000046   Data   RO          846    .conststring        _task.o
    0x08011a82   0x00000002   PAD
    0x08011a84   0x00000020   Data   RO         1985    Region$$Table       anon$$obj.o
    0x08011aa4   0x0000001c   Data   RO         1870    locale$$data        c_w.l(lc_numeric_c.o)
    0x08011ac0   0x00000110   Data   RO         1931    locale$$data        c_w.l(lc_ctype_c.o)


    Execution Region RW_IRAM1 (Base: 0x20000000, Size: 0x00001df0, Max: 0x00010000, ABSOLUTE, COMPRESSED[0x000001d8])

    Base Addr    Size         Type   Attr      Idx    E Section Name        Object

    0x20000000   0x00000064   Data   RW          118    .data               _mecanum.o
    0x20000064   0x000000a9   Data   RW          141    .data               _pid.o
    0x2000010d   0x00000003   PAD
    0x20000110   0x00000030   Data   RW          214    .data               _keep.o
    0x20000140   0x00000003   Data   RW          286    .data               _lcdio.o
    0x20000143   0x00000001   PAD
    0x20000144   0x0000002c   Data   RW          363    .data               _diff.o
    0x20000170   0x00000148   Data   RW          431    .data               _can_database.o
    0x200002b8   0x00000004   Data   RW          480    .data               _delay.o
    0x200002bc   0x00000085   Data   RW          524    .data               _io_status.o
    0x20000341   0x00000001   PAD
    0x20000342   0x00000004   Data   RW          549    .data               _lcd.o
    0x20000346   0x00000002   PAD
    0x20000348   0x00000018   Data   RW          645    .data               _pwm.o
    0x20000360   0x00000028   Data   RW          710    .data               _uart.o
    0x20000388   0x00000164   Data   RW          730    .data               _ultrasonic.o
    0x200004ec   0x00000010   Data   RW          751    .data               _encoder.o
    0x200004fc   0x00000004   PAD
    0x20000500   0x00000478   Data   RW          847    .data               _task.o
    0x20000978   0x0000001d   Data   RW          992    .data               stm32f10x_it.o
    0x20000995   0x00000003   PAD
    0x20000998   0x00000014   Data   RW         1018    .data               system_stm32f10x.o
    0x200009ac   0x00000014   Data   RW         1144    .data               stm32f10x_rcc.o
    0x200009c0   0x00000048   Data   RW         1237    .data               os_core.o
    0x20000a08   0x00000028   Zero   RW          140    .bss                _pid.o
    0x20000a30   0x0000000c   Zero   RW          182    .bss                _gopath.o
    0x20000a3c   0x0000007d   Zero   RW          285    .bss                _lcdio.o
    0x20000ab9   0x00000001   PAD
    0x20000aba   0x0000000e   Zero   RW          547    .bss                _lcd.o
    0x20000ac8   0x000001b8   Zero   RW          729    .bss                _ultrasonic.o
    0x20000c80   0x00000018   Zero   RW          766    .bss                _ws2812b.o
    0x20000c98   0x00000018   Zero   RW          792    .bss                _adc.o
    0x20000cb0   0x00000060   Zero   RW          991    .bss                stm32f10x_it.o
    0x20000d10   0x00000a80   Zero   RW         1235    .bss                os_core.o
    0x20001790   0x00000060   Zero   RW         1795    .bss                c_w.l(libspace.o)
    0x200017f0   0x00000200   Zero   RW         1228    HEAP                startup_stm32f10x_hd.o
    0x200019f0   0x00000400   Zero   RW         1227    STACK               startup_stm32f10x_hd.o


==============================================================================

Image component sizes


      Code (inc. data)   RO Data    RW Data    ZI Data      Debug   Object Name

       464         22          0          0         24       2042   _adc.o
       788         22          0          0          0       2611   _can.o
       216         12          0        328          0       2823   _can_database.o
        48          6          0          0          0        976   _command.o
       304         24          0          4          0       9886   _delay.o
       572         52          0         44          0       1859   _diff.o
       500         24          0         16          0       1632   _encoder.o
         0          0          0          0         12       1446   _gopath.o
       324         18          0        133          0       1559   _io_status.o
      1016        106          0         48          0       3488   _keep.o
     16844         98       2660          4         14      16549   _lcd.o
      2220         72          0          3        125       8512   _lcdio.o
      1692         34          0          0          0     294417   _math.o
         0          0          0        100          0       1872   _mecanum.o
       688         36          0        169         40       2187   _pid.o
       972         84          0         24          0       3417   _pwm.o
       440         62         24          0          0       2764   _serial.o
      1104        128         90       1144          0       5078   _task.o
       220         10          0          0          0       1041   _tim.o
       456         34          0         40          0       2453   _uart.o
       608         28          0        356        440       2956   _ultrasonic.o
       260         10          0          0         24       1865   _ws2812b.o
        54          0          0          0          0        471   main.o
       220         22          0          0          0       1709   misc.o
      2192        218        256         72       2688      14747   os_core.o
       180         36          0          0          0        316   os_cpu_a.o
       174          0          0          0          0      10310   os_cpu_c.o
      2060         42          0          0          0       6748   os_flag.o
      1512         30          0          0          0       5473   os_q.o
      1988         70          0          0          0       7405   os_task.o
       432         30          0          0          0       1750   os_time.o
        64         26        304          0       1536        784   startup_stm32f10x_hd.o
      1102         26          0          0          0      10745   stm32f10x_adc.o
      2544         38          0          0          0       7768   stm32f10x_can.o
       596          8          0          0          0       4242   stm32f10x_dma.o
       284         10          0          0          0       2147   stm32f10x_exti.o
      1548         18          0          0          0       5259   stm32f10x_fsmc.o
       860         38          0          0          0       5557   stm32f10x_gpio.o
      1272         64          0         29         96       4816   stm32f10x_it.o
       932         36          0         20          0       8700   stm32f10x_rcc.o
      3610         88          0          0          0      22044   stm32f10x_tim.o
      1032         22          0          0          0       8280   stm32f10x_usart.o
       204         12          0          0          0      16253   sys.o
       480         38          0         20          0       1731   system_stm32f10x.o

    ----------------------------------------------------------------------
     53084       1754       3368       2568       5000     518688   Object Totals
         0          0         32          0          0          0   (incl. Generated)
         8          0          2         14          1          0   (incl. Padding)

    ----------------------------------------------------------------------

      Code (inc. data)   RO Data    RW Data    ZI Data      Debug   Library Member Name

        44          6          0          0          0         84   __2sprintf.o
        90          0          0          0          0          0   __dczerorl2.o
         8          0          0          0          0         68   __main.o
       392          4         17          0          0         92   __printf_flags_ss_wp.o
        14          0          0          0          0         68   __printf_wp.o
         0          0          0          0          0          0   __rtentry.o
        12          0          0          0          0          0   __rtentry2.o
         6          0          0          0          0          0   __rtentry4.o
        52          8          0          0          0          0   __scatter.o
        28          0          0          0          0          0   __scatter_zi.o
         6          0          0          0          0          0   _printf_a.o
         6          0          0          0          0          0   _printf_c.o
        44          0          0          0          0        108   _printf_char.o
        48          6          0          0          0         96   _printf_char_common.o
        40          0          0          0          0         68   _printf_charcount.o
         6          0          0          0          0          0   _printf_d.o
       120         16          0          0          0         92   _printf_dec.o
         6          0          0          0          0          0   _printf_e.o
         6          0          0          0          0          0   _printf_f.o
      1050          0          0          0          0        216   _printf_fp_dec.o
       764         10         38          0          0        100   _printf_fp_hex.o
       128         16          0          0          0         84   _printf_fp_infnan.o
         6          0          0          0          0          0   _printf_g.o
       148          4         40          0          0        160   _printf_hex_int_ll_ptr.o
         6          0          0          0          0          0   _printf_i.o
       178          0          0          0          0         88   _printf_intcommon.o
        10          0          0          0          0          0   _printf_l.o
         6          0          0          0          0          0   _printf_lc.o
        10          0          0          0          0          0   _printf_ll.o
         6          0          0          0          0          0   _printf_lld.o
         6          0          0          0          0          0   _printf_lli.o
         6          0          0          0          0          0   _printf_llo.o
         6          0          0          0          0          0   _printf_llu.o
         6          0          0          0          0          0   _printf_llx.o
       124         16          0          0          0         92   _printf_longlong_dec.o
         6          0          0          0          0          0   _printf_ls.o
         6          0          0          0          0          0   _printf_n.o
         6          0          0          0          0          0   _printf_o.o
       112          8          0          0          0        124   _printf_oct_int_ll.o
         6          0          0          0          0          0   _printf_p.o
        78          0          0          0          0        108   _printf_pad.o
         0          0          0          0          0          0   _printf_percent.o
         4          0          0          0          0          0   _printf_percent_end.o
         6          0          0          0          0          0   _printf_s.o
        82          0          0          0          0         80   _printf_str.o
        36          0          0          0          0         84   _printf_truncate.o
         6          0          0          0          0          0   _printf_u.o
        44          0          0          0          0        108   _printf_wchar.o
       188          6          8          0          0         92   _printf_wctomb.o
         6          0          0          0          0          0   _printf_x.o
        22          0          0          0          0        100   _rserrno.o
        10          0          0          0          0         68   _sputc.o
        64          0          0          0          0         92   _wcrtomb.o
       220          4        148          0          0         96   bigflt0.o
      1910        128          0          0          0        672   btod.o
        10          0          0          0          0         68   defsig_exit.o
        50          0          0          0          0         88   defsig_general.o
        80         58          0          0          0         76   defsig_rtmem_inner.o
        14          0          0          0          0         80   defsig_rtmem_outer.o
        12          0          0          0          0         72   exit.o
        94          0          0          0          0         80   h1_alloc.o
        52          0          0          0          0         68   h1_extend.o
        78          0          0          0          0         80   h1_free.o
        14          0          0          0          0         84   h1_init.o
         6          0          0          0          0        152   heapauxi.o
         4          0          0          0          0        136   hguard.o
         0          0          0          0          0          0   indicate_semi.o
       138          0          0          0          0        168   init_alloc.o
        44         10        272          0          0         76   lc_ctype_c.o
        44         10         28          0          0         76   lc_numeric_c.o
         2          0          0          0          0          0   libinit.o
        38          0          0          0          0          0   libinit2.o
         2          0          0          0          0          0   libshutdown.o
         2          0          0          0          0          0   libshutdown2.o
         8          4          0          0         96         68   libspace.o
       138          0          0          0          0         80   lludiv10.o
         0          0          0          0          0          0   maybetermalloc1.o
        16          4          0          0          0         76   rt_ctype_table.o
         8          4          0          0          0         68   rt_errno_addr_intlibspace.o
         8          4          0          0          0         68   rt_heap_descriptor_intlibspace.o
         8          4          0          0          0         68   rt_locale_intlibspace.o
        78          0          0          0          0         80   rt_memclr_w.o
         2          0          0          0          0          0   rtexit.o
        10          0          0          0          0          0   rtexit2.o
       128          0          0          0          0         68   strcmpv7m.o
        72          0          0          0          0         80   strcpy.o
        62          0          0          0          0         76   strlen.o
        12          4          0          0          0         68   sys_exit.o
        74          0          0          0          0         80   sys_stackheap_outer.o
        14          0          0          0          0         76   sys_wrch.o
         2          0          0          0          0         68   use_no_semi.o
        36          4          0          0          0         76   vsprintf.o
        98          4          0          0          0         92   d2f.o
       826         16          0          0          0        348   daddsub_clz.o
        16          4          0          0          0         68   dcheck1.o
        24          0          0          0          0         68   dcmpi.o
       688        140          0          0          0        208   ddiv.o
        94          4          0          0          0         92   dfix.o
        84          0          0          0          0        136   dflt_clz.o
       120          4          0          0          0         92   dleqf.o
       340         12          0          0          0        104   dmul.o
       156          4          0          0          0         92   dnaninf.o
        12          0          0          0          0         68   dretinf.o
       108          0          0          0          0         80   drleqf.o
       460         56          0          0          0        120   dsqrt_noumaal.o
        86          4          0          0          0         84   f2d.o
       450          8          0          0          0        236   faddsub_clz.o
        24          0          0          0          0         68   fcmpi.o
       388         76          0          0          0         96   fdiv.o
        54          4          0          0          0         84   ffix.o
        62          4          0          0          0         84   ffixu.o
        86          0          0          0          0        136   fflt_clz.o
       104          4          0          0          0         84   fleqf.o
       258          4          0          0          0         84   fmul.o
       140          4          0          0          0         84   fnaninf.o
        10          0          0          0          0         68   fretinf.o
        98          0          0          0          0         68   frleqf.o
         4          0          0          0          0         68   printf1.o
         4          0          0          0          0         68   printf2.o
       100          0          0          0          0         68   retnan.o
        92          0          0          0          0         68   scalbn.o
        48          0          0          0          0         68   trapv.o
         0          0          0          0          0          0   usenofp.o
       544         70        152          0          0        124   atan.o
       156          8          0          0          0        104   cos.o
       252         22         48          0          0        124   cos_i.o
        34          6          0          0          0        204   dunder.o
        40          0          0          0          0         68   fpclassify.o
       170          0          0          0          0         96   poly.o
       904         76        200          0          0        140   rred.o
       160         10          0          0          0        108   sin.o
       236         12         40          0          0        128   sin_i.o
        76          0          0          0          0         84   sqrt.o

    ----------------------------------------------------------------------
     15208        894        996          0         96       9708   Library Totals
        42          0          5          0          0          0   (incl. Padding)

    ----------------------------------------------------------------------

      Code (inc. data)   RO Data    RW Data    ZI Data      Debug   Library Name

      7560        338        551          0         96       5444   c_w.l
      5034        352          0          0          0       3084   fz_ws.l
      2572        204        440          0          0       1180   m_ws.l

    ----------------------------------------------------------------------
     15208        894        996          0         96       9708   Library Totals

    ----------------------------------------------------------------------

==============================================================================


      Code (inc. data)   RO Data    RW Data    ZI Data      Debug   

     68292       2648       4364       2568       5096     519188   Grand Totals
     68292       2648       4364        472       5096     519188   ELF Image Totals (compressed)
     68292       2648       4364        472          0          0   ROM Totals

==============================================================================

    Total RO  Size (Code + RO Data)                72656 (  70.95kB)
    Total RW  Size (RW Data + ZI Data)              7664 (   7.48kB)
    Total ROM Size (Code + RO Data + RW Data)      73128 (  71.41kB)

==============================================================================

