<html>
<body>
<pre>
<h1>µVision Build Log</h1>
<h2>Project:</h2>
C:\Users\snow\Desktop\GitHub\HeilsCare-chassis\Start\HeilsCar.uvproj
Project File Date:  03/21/2017

<h2>Output:</h2>
Build target 'HeilsCar'
compiling _math.c...
compiling _mecanum.c...
compiling _pid.c...
compiling _goline.c...
compiling _gopath.c...
..\Algorithm\../Algorithm/_pathpoint.h(5): warning:  #1-D: last line of file ends without a newline
compiling _keep.c...
..\Algorithm\_lcdio.h(28): warning:  #1-D: last line of file ends without a newline
..\Algorithm\_keep.h(8): warning:  #1-D: last line of file ends without a newline
..\Algorithm\_keep.c(35): warning:  #550-D: variable "speed_robot_x" was set but never used
..\Algorithm\_keep.c(35): warning:  #550-D: variable "speed_robot_y" was set but never used
..\Algorithm\_keep.c(121): warning:  #1-D: last line of file ends without a newline
compiling _pathpoint.c...
..\Algorithm\_pathpoint.c(350): warning:  #1-D: last line of file ends without a newline
compiling _goroute.c...
..\Algorithm\../Algorithm/_pathpoint.h(5): warning:  #1-D: last line of file ends without a newline
..\Algorithm\../Algorithm/_gopath.h(9): warning:  #1-D: last line of file ends without a newline
..\Algorithm\_goroute.c(31): warning:  #1-D: last line of file ends without a newline
..\Algorithm\_goroute.c(15): warning:  #177-D: variable "i" was declared but never referenced
compiling _lcdio.c...
..\Algorithm\_lcdio.h(28): warning:  #1-D: last line of file ends without a newline
compiling _serial.c...
..\Algorithm\_serial.h(24): warning:  #1295-D: Deprecated declaration SerialCreate - give arg types
..\Algorithm\_serial.h(27): warning:  #1-D: last line of file ends without a newline
compiling _gps.c...
..\Algorithm\_gps.c(87): warning:  #177-D: variable "radian" was declared but never referenced
compiling _diff.c...
..\Algorithm\_diff.c(33): warning:  #550-D: variable "deltaMax" was set but never used
..\Algorithm\_diff.c(38): warning:  #177-D: variable "delta_max" was declared but never referenced
..\Algorithm\_diff.c(39): warning:  #177-D: variable "PWM_Max" was declared but never referenced
..\Algorithm\_diff.c(20): warning:  #177-D: variable "wheelWidth" was declared but never referenced
..\Algorithm\_diff.c(21): warning:  #177-D: variable "wheelLength" was declared but never referenced
..\Algorithm\_diff.c(22): warning:  #177-D: variable "wheelRadius" was declared but never referenced
compiling _24cxx.c...
compiling _can.c...
compiling _can_database.c...
compiling _Command.c...
compiling _ctiic.c...
compiling _delay.c...
compiling _io_status.c...
compiling _lcd.c...
compiling _myiic.c...
compiling _ott2001a.c...
compiling _ps2.c...
compiling _pwm.c...
compiling _tim.c...
compiling _touch.c...
..\Driver\_touch.c(163): warning:  #223-D: function "LCD_DrawLine" declared implicitly
..\Driver\_touch.c(169): warning:  #223-D: function "Draw_Circle" declared implicitly
..\Driver\_touch.c(277): warning:  #223-D: function "LCD_ShowString" declared implicitly
..\Driver\_touch.c(286): warning:  #223-D: function "LCD_ShowNum" declared implicitly
compiling _uart.c...
compiling _ultrasonic.c...
compiling _encoder.c...
compiling _ws2812b.c...
..\Algorithm\_lcdio.h(28): warning:  #1-D: last line of file ends without a newline
compiling _adc.c...
..\Algorithm\_lcdio.h(28): warning:  #1-D: last line of file ends without a newline
compiling _task.c...
..\Algorithm\_lcdio.h(28): warning:  #1-D: last line of file ends without a newline
..\Algorithm\_keep.h(8): warning:  #1-D: last line of file ends without a newline
..\Algorithm\_serial.h(24): warning:  #1295-D: Deprecated declaration SerialCreate - give arg types
..\Algorithm\_serial.h(27): warning:  #1-D: last line of file ends without a newline
..\Task\_task.c(88): warning:  #1295-D: Deprecated declaration test - give arg types
..\Task\_task.c(243): warning:  #1-D: last line of file ends without a newline
compiling sys.c...
compiling main.c...
..\Algorithm\_lcdio.h(28): warning:  #1-D: last line of file ends without a newline
compiling stm32f10x_it.c...
..\User\stm32f10x_it.c(177): warning:  #177-D: variable "array_cnt" was declared but never referenced
..\User\stm32f10x_it.c(178): warning:  #550-D: variable "rec_buf" was set but never used
compiling system_stm32f10x.c...
compiling misc.c...
compiling stm32f10x_can.c...
compiling stm32f10x_dbgmcu.c...
compiling stm32f10x_dma.c...
compiling stm32f10x_exti.c...
compiling stm32f10x_flash.c...
compiling stm32f10x_fsmc.c...
compiling stm32f10x_gpio.c...
compiling stm32f10x_i2c.c...
compiling stm32f10x_rcc.c...
compiling stm32f10x_sdio.c...
compiling stm32f10x_spi.c...
compiling stm32f10x_tim.c...
compiling stm32f10x_usart.c...
compiling stm32f10x_adc.c...
compiling core_cm3.c...
assembling startup_stm32f10x_hd.s...
compiling os_core.c...
compiling os_flag.c...
compiling os_mbox.c...
compiling os_mem.c...
compiling os_mutex.c...
compiling os_q.c...
compiling os_sem.c...
compiling os_task.c...
compiling os_time.c...
compiling os_tmr.c...
compiling os_cpu_c.c...
compiling os_dbg.c...
assembling os_cpu_a.asm...
linking...
Program Size: Code=73196 RO-data=4408 RW-data=2844 ZI-data=5420  
FromELF: creating hex file...
"..\User\Objects\HeilsCar.axf" - 0 Error(s), 36 Warning(s).
Build target 'HeilsCar'
compiling _io_status.c...
compiling _ws2812b.c...
linking...
Program Size: Code=73196 RO-data=4408 RW-data=2852 ZI-data=5420  
FromELF: creating hex file...
"..\User\Objects\HeilsCar.axf" - 0 Error(s), 0 Warning(s).
Build target 'HeilsCar'
compiling _ultrasonic.c...
compiling _task.c...
..\Algorithm\_lcdio.h(28): warning:  #1-D: last line of file ends without a newline
..\Algorithm\_keep.h(8): warning:  #1-D: last line of file ends without a newline
..\Algorithm\_serial.h(24): warning:  #1295-D: Deprecated declaration SerialCreate - give arg types
..\Algorithm\_serial.h(27): warning:  #1-D: last line of file ends without a newline
..\Task\_task.c(88): warning:  #1295-D: Deprecated declaration test - give arg types
..\Task\_task.c(228): warning:  #1-D: last line of file ends without a newline
linking...
Program Size: Code=73116 RO-data=4408 RW-data=2852 ZI-data=5420  
FromELF: creating hex file...
"..\User\Objects\HeilsCar.axf" - 0 Error(s), 6 Warning(s).
Load "..\\User\\Objects\\HeilsCar.axf" 
Set JLink Project File to "C:\Users\snow\Desktop\GitHub\HeilsCare-chassis\Start\JLinkSettings.ini"
* JLink Info: Device "STM32F103ZE" selected (512 KB flash, 64 KB RAM).
 
JLink info:
------------
DLL: V4.84a, compiled Apr  4 2014 18:02:19
Firmware: J-Link ARM-OB STM32 compiled Aug 22 2012 19:52:04
Hardware: V7.00
S/N : 20090928 
Feature(s) : RDI,FlashDL,FlashBP,JFlash,GDBFull 
 
* JLink Info: Found SWD-DP with ID 0x1BA01477
* JLink Info: Found SWD-DP with ID 0x1BA01477
* JLink Info: Found Cortex-M3 r1p1, Little endian.
* JLink Info: FPUnit: 6 code (BP) slots and 2 literal slots
* JLink Info: TPIU fitted.
* JLink Info: ETM fitted.
ROMTableAddr = 0xE00FF003
 
Target info:
------------
Device: STM32F103ZE
VTarget = 3.300V
State of Pins: 
TCK: 0, TDI: 0, TDO: 1, TMS: 0, TRES: 1, TRST: 1
Hardware-Breakpoints: 6
Software-Breakpoints: 8192
Watchpoints:          4
JTAG speed: 500 kHz
 
Full Chip Erase Done.
Programming Done.
Verify OK.
Application running ...
compiling _task.c...
..\Algorithm\_lcdio.h(28): warning:  #1-D: last line of file ends without a newline
..\Algorithm\_keep.h(8): warning:  #1-D: last line of file ends without a newline
..\Algorithm\_serial.h(24): warning:  #1295-D: Deprecated declaration SerialCreate - give arg types
..\Algorithm\_serial.h(27): warning:  #1-D: last line of file ends without a newline
..\Task\_task.c(88): warning:  #1295-D: Deprecated declaration test - give arg types
..\Task\_task.c(228): warning:  #1-D: last line of file ends without a newline
..\Task\_task.c - 0 Error(s), 6 Warning(s).
Build target 'HeilsCar'
linking...
Program Size: Code=73116 RO-data=4408 RW-data=2852 ZI-data=5420  
FromELF: creating hex file...
"..\User\Objects\HeilsCar.axf" - 0 Error(s), 0 Warning(s).
Load "..\\User\\Objects\\HeilsCar.axf" 
Set JLink Project File to "C:\Users\snow\Desktop\GitHub\HeilsCare-chassis\Start\JLinkSettings.ini"
* JLink Info: Device "STM32F103ZE" selected (512 KB flash, 64 KB RAM).
 
JLink info:
------------
DLL: V4.84a, compiled Apr  4 2014 18:02:19
Firmware: J-Link ARM-OB STM32 compiled Aug 22 2012 19:52:04
Hardware: V7.00
S/N : 20090928 
Feature(s) : RDI,FlashDL,FlashBP,JFlash,GDBFull 
 
* JLink Info: Found SWD-DP with ID 0x1BA01477
* JLink Info: Found SWD-DP with ID 0x1BA01477
* JLink Info: Found Cortex-M3 r1p1, Little endian.
* JLink Info: FPUnit: 6 code (BP) slots and 2 literal slots
* JLink Info: TPIU fitted.
* JLink Info: ETM fitted.
ROMTableAddr = 0xE00FF003
 
Target info:
------------
Device: STM32F103ZE
VTarget = 3.300V
State of Pins: 
TCK: 0, TDI: 0, TDO: 1, TMS: 0, TRES: 1, TRST: 1
Hardware-Breakpoints: 6
Software-Breakpoints: 8192
Watchpoints:          4
JTAG speed: 500 kHz
 
Full Chip Erase Done.
Programming Done.
Verify OK.
Application running ...
Build target 'HeilsCar'
compiling _task.c...
..\Algorithm\_lcdio.h(28): warning:  #1-D: last line of file ends without a newline
..\Algorithm\_keep.h(8): warning:  #1-D: last line of file ends without a newline
..\Algorithm\_serial.h(24): warning:  #1295-D: Deprecated declaration SerialCreate - give arg types
..\Algorithm\_serial.h(27): warning:  #1-D: last line of file ends without a newline
..\Task\_task.c(88): warning:  #1295-D: Deprecated declaration test - give arg types
..\Task\_task.c(228): warning:  #1-D: last line of file ends without a newline
linking...
Program Size: Code=73116 RO-data=4408 RW-data=2852 ZI-data=5420  
FromELF: creating hex file...
"..\User\Objects\HeilsCar.axf" - 0 Error(s), 6 Warning(s).
Load "..\\User\\Objects\\HeilsCar.axf" 
Set JLink Project File to "C:\Users\snow\Desktop\GitHub\HeilsCare-chassis\Start\JLinkSettings.ini"
* JLink Info: Device "STM32F103ZE" selected (512 KB flash, 64 KB RAM).
 
JLink info:
------------
DLL: V4.84a, compiled Apr  4 2014 18:02:19
Firmware: J-Link ARM-OB STM32 compiled Aug 22 2012 19:52:04
Hardware: V7.00
S/N : 20090928 
Feature(s) : RDI,FlashDL,FlashBP,JFlash,GDBFull 
 
* JLink Info: Found SWD-DP with ID 0x1BA01477
* JLink Info: Found SWD-DP with ID 0x1BA01477
* JLink Info: Found Cortex-M3 r1p1, Little endian.
* JLink Info: FPUnit: 6 code (BP) slots and 2 literal slots
* JLink Info: TPIU fitted.
* JLink Info: ETM fitted.
ROMTableAddr = 0xE00FF003
 
Target info:
------------
Device: STM32F103ZE
VTarget = 3.300V
State of Pins: 
TCK: 0, TDI: 0, TDO: 1, TMS: 0, TRES: 1, TRST: 1
Hardware-Breakpoints: 6
Software-Breakpoints: 8192
Watchpoints:          4
JTAG speed: 500 kHz
 
Full Chip Erase Done.
Programming Done.
Verify OK.
Application running ...
Build target 'HeilsCar'
compiling _task.c...
..\Algorithm\_lcdio.h(28): warning:  #1-D: last line of file ends without a newline
..\Algorithm\_keep.h(8): warning:  #1-D: last line of file ends without a newline
..\Algorithm\_serial.h(24): warning:  #1295-D: Deprecated declaration SerialCreate - give arg types
..\Algorithm\_serial.h(27): warning:  #1-D: last line of file ends without a newline
..\Task\_task.c(88): warning:  #1295-D: Deprecated declaration test - give arg types
..\Task\_task.c(228): warning:  #1-D: last line of file ends without a newline
linking...
Program Size: Code=73116 RO-data=4408 RW-data=2852 ZI-data=5420  
FromELF: creating hex file...
"..\User\Objects\HeilsCar.axf" - 0 Error(s), 6 Warning(s).
Load "..\\User\\Objects\\HeilsCar.axf" 
Set JLink Project File to "C:\Users\snow\Desktop\GitHub\HeilsCare-chassis\Start\JLinkSettings.ini"
* JLink Info: Device "STM32F103ZE" selected (512 KB flash, 64 KB RAM).
 
JLink info:
------------
DLL: V4.84a, compiled Apr  4 2014 18:02:19
Firmware: J-Link ARM-OB STM32 compiled Aug 22 2012 19:52:04
Hardware: V7.00
S/N : 20090928 
Feature(s) : RDI,FlashDL,FlashBP,JFlash,GDBFull 
 
* JLink Info: Found SWD-DP with ID 0x1BA01477
* JLink Info: Found SWD-DP with ID 0x1BA01477
* JLink Info: Found Cortex-M3 r1p1, Little endian.
* JLink Info: FPUnit: 6 code (BP) slots and 2 literal slots
* JLink Info: TPIU fitted.
* JLink Info: ETM fitted.
ROMTableAddr = 0xE00FF003
 
Target info:
------------
Device: STM32F103ZE
VTarget = 3.300V
State of Pins: 
TCK: 0, TDI: 0, TDO: 1, TMS: 0, TRES: 1, TRST: 1
Hardware-Breakpoints: 6
Software-Breakpoints: 8192
Watchpoints:          4
JTAG speed: 500 kHz
 
Full Chip Erase Done.
Programming Done.
Verify OK.
Application running ...
Build target 'HeilsCar'
compiling _task.c...
..\Algorithm\_lcdio.h(28): warning:  #1-D: last line of file ends without a newline
..\Algorithm\_keep.h(8): warning:  #1-D: last line of file ends without a newline
..\Algorithm\_serial.h(24): warning:  #1295-D: Deprecated declaration SerialCreate - give arg types
..\Algorithm\_serial.h(27): warning:  #1-D: last line of file ends without a newline
..\Task\_task.c(88): warning:  #1295-D: Deprecated declaration test - give arg types
..\Task\_task.c(228): warning:  #1-D: last line of file ends without a newline
linking...
Program Size: Code=73116 RO-data=4408 RW-data=2852 ZI-data=5420  
FromELF: creating hex file...
"..\User\Objects\HeilsCar.axf" - 0 Error(s), 6 Warning(s).
Load "..\\User\\Objects\\HeilsCar.axf" 
Set JLink Project File to "C:\Users\snow\Desktop\GitHub\HeilsCare-chassis\Start\JLinkSettings.ini"
* JLink Info: Device "STM32F103ZE" selected (512 KB flash, 64 KB RAM).
 
JLink info:
------------
DLL: V4.84a, compiled Apr  4 2014 18:02:19
Firmware: J-Link ARM-OB STM32 compiled Aug 22 2012 19:52:04
Hardware: V7.00
S/N : 20090928 
Feature(s) : RDI,FlashDL,FlashBP,JFlash,GDBFull 
 
* JLink Info: Found SWD-DP with ID 0x1BA01477
* JLink Info: Found SWD-DP with ID 0x1BA01477
* JLink Info: Found Cortex-M3 r1p1, Little endian.
* JLink Info: FPUnit: 6 code (BP) slots and 2 literal slots
* JLink Info: TPIU fitted.
* JLink Info: ETM fitted.
ROMTableAddr = 0xE00FF003
 
Target info:
------------
Device: STM32F103ZE
VTarget = 3.300V
State of Pins: 
TCK: 0, TDI: 0, TDO: 1, TMS: 0, TRES: 1, TRST: 1
Hardware-Breakpoints: 6
Software-Breakpoints: 8192
Watchpoints:          4
JTAG speed: 500 kHz
 
Full Chip Erase Done.
Programming Done.
Verify OK.
Application running ...
Build target 'HeilsCar'
compiling _task.c...
..\Algorithm\_lcdio.h(28): warning:  #1-D: last line of file ends without a newline
..\Algorithm\_keep.h(8): warning:  #1-D: last line of file ends without a newline
..\Algorithm\_serial.h(24): warning:  #1295-D: Deprecated declaration SerialCreate - give arg types
..\Algorithm\_serial.h(27): warning:  #1-D: last line of file ends without a newline
..\Task\_task.c(88): warning:  #1295-D: Deprecated declaration test - give arg types
..\Task\_task.c(249): warning:  #1-D: last line of file ends without a newline
compiling stm32f10x_it.c...
..\User\stm32f10x_it.c(177): warning:  #177-D: variable "array_cnt" was declared but never referenced
..\User\stm32f10x_it.c(178): warning:  #550-D: variable "rec_buf" was set but never used
linking...
Program Size: Code=73164 RO-data=4408 RW-data=2860 ZI-data=5420  
FromELF: creating hex file...
"..\User\Objects\HeilsCar.axf" - 0 Error(s), 8 Warning(s).
