<html>
<body>
<pre>
<h1>µVision Build Log</h1>
<h2>Tool Versions:</h2>
IDE-Version: ¦ÌVision V5.12.0.0
Copyright (C) 2014 ARM Ltd and ARM Germany GmbH. All rights reserved.
License Information: 1 snow, 1, LIC=IK1X7-ET62V-EHL8P-MSSBR-72GW7-9GLRF
 
Tool Versions:
Toolchain:       MDK-ARM Standard  Version: 5.12.0.0
Toolchain Path:  C:\Keil_v5\ARM\ARMCC\Bin
C Compiler:      Armcc.exe V5.05 (build 41)
Assembler:       Armasm.exe V5.05 (build 41)
Linker/Locator:  ArmLink.exe V5.05 (build 41)
Library Manager: ArmAr.exe V5.05 (build 41)
Hex Converter:   FromElf.exe V5.05 (build 41)
CPU DLL:         SARMCM3.DLL V5.12.0.0
Dialog DLL:      DARMSTM.DLL V1.65.0.0
    Target DLL: Segger\JL2CM3.dll
Dialog DLL:      TARMSTM.DLL V1.64.0.0
 
<h2>Project:</h2>
C:\Users\snow\Desktop\GitHub\HeilsCare-chassis\Start\HeilsCar.uvproj
Project File Date:  05/12/2017

<h2>Output:</h2>
Build target 'HeilsCar'
"..\User\Objects\HeilsCar.axf" - 0 Error(s), 0 Warning(s).
Load "..\\User\\Objects\\HeilsCar.axf" 
Set JLink Project File to "C:\Users\snow\Desktop\GitHub\HeilsCare-chassis\Start\JLinkSettings.ini"
* JLink Info: Device "STM32F103ZE" selected (512 KB flash, 64 KB RAM).
 
JLink info:
------------
DLL: V4.91b, compiled Sep 15 2014 09:17:56
Firmware: J-Link ARM-OB STM32 compiled Aug 22 2012 19:52:04
Hardware: V7.00
S/N : 20090928 
Feature(s) : RDI,FlashDL,FlashBP,JFlash,GDBFull 
 
* JLink Info: Found SWD-DP with ID 0x1BA01477
* JLink Info: Found SWD-DP with ID 0x1BA01477
* JLink Info: Found Cortex-M3 r1p1, Little endian.
* JLink Info: FPUnit: 6 code (BP) slots and 2 literal slots
* JLink Info: TPIU fitted.
* JLink Info: ETM fitted.
ROMTableAddr = 0xE00FF003
 
Target info:
------------
Device: STM32F103ZE
VTarget = 3.300V
State of Pins: 
TCK: 0, TDI: 0, TDO: 1, TMS: 0, TRES: 1, TRST: 1
Hardware-Breakpoints: 6
Software-Breakpoints: 8192
Watchpoints:          4
JTAG speed: 500 kHz
 
Full Chip Erase Done.
Programming Done.
Verify OK.
Application running ...
.\Algorithm\_keep.h(8): warning:  #1-D: last line of file ends without a newline
  #endif
..\Algorithm\_serial.h(24): warning:  #1295-D: Deprecated declaration SerialCreate - give arg types
  Serial *SerialCreate();
..\Algorithm\_serial.h(27): warning:  #1-D: last line of file ends without a newline
  #endif
..\Task\_task.c(196): warning:  #1295-D: Deprecated declaration ws2812b - give arg types
  extern void ws2812b();
..\Task\_task.c: 5 warnings, 0 errors
linking...
Program Size: Code=68292 RO-data=4364 RW-data=2568 ZI-data=5096  
FromELF: creating hex file...
"..\User\Objects\HeilsCar.axf" - 0 Error(s), 11 Warning(s).
1, TMS: 0, TRES: 1, TRST: 1
Hardware-Breakpoints: 6
Software-Breakpoints: 8192
Watchpoints:          4
JTAG speed: 500 kHz
 
Full Chip Erase Done.
Programming Done.
Verify OK.
Application running ...
of Pins: 
TCK: 0, TDI: 0, TDO: 1, TMS: 0, TRES: 1, TRST: 1
Hardware-Breakpoints: 6
Software-Breakpoints: 8192
Watchpoints:          4
JTAG speed: 500 kHz
 
Full Chip Erase Done.
Programming Done.
Verify OK.
Application running ...

TCK: 0, TDI: 0, TDO: 1, TMS: 0, TRES: 1, TRST: 1
Hardware-Breakpoints: 6
Software-Breakpoints: 8192
Watchpoints:          4
JTAG speed: 500 kHz
 
Full Chip Erase Done.
Programming Done.
Verify OK.
Application running ...

Device: STM32F103ZE
VTarget = 3.300V
State of Pins: 
TCK: 0, TDI: 0, TDO: 1, TMS: 0, TRES: 1, TRST: 1
Hardware-Breakpoints: 6
Software-Breakpoints: 8192
Watchpoints:          4
JTAG speed: 500 kHz
 
Full Chip Erase Done.
Programming Done.
Verify OK.
Application running ...
..\Task\_task.c" - 0 Error(s), 6 Warning(s).
